EN contadorbcd_4bit NULL /home/ignatius/Documents/fiuba/SistemasDigitales/mis_viejos_tps/tul1-sistemas-digitales-708d9dac95a2/TP2/src/sigmadelta/contadorBCD.vhd sub00/vhpl12 1594491191
EN contador_sigmadelta NULL /home/ignatius/Documents/fiuba/SistemasDigitales/mis_viejos_tps/tul1-sistemas-digitales-708d9dac95a2/TP2/src/sigmadelta/contador_sigmadelta.vhd sub00/vhpl16 1594491203
PH uart_comps NULL /home/ignatius/Documents/fiuba/SistemasDigitales/mis_viejos_tps/tul1-sistemas-digitales-708d9dac95a2/TP4/UART/uart_comps.vhd sub00/vhpl22 1595126210
EN vga_ctrl NULL /home/ignatius/Documents/fiuba/SistemasDigitales/tp_cordic_carballeda/tp_cordic/remote_sources/_/_/_/mis_viejos_tps/tul1-sistemas-digitales-708d9dac95a2/TP2/src/VGA/VGActrl.vhd sub00/vhpl06 1595126217
AR ram ram_a /home/ignatius/Documents/fiuba/SistemasDigitales/tp_cordic_carballeda/tp_cordic/ipcore_dir/RAM.vhd sub00/vhpl21 1595126220
EN mux_romtovga NULL /home/ignatius/Documents/fiuba/SistemasDigitales/mis_viejos_tps/tul1-sistemas-digitales-708d9dac95a2/TP2/src/VGA/mux_ROMtoVGA.vhd sub00/vhpl00 1594498176
AR contadorbcd_4bit contadorbcd_4bit_arq /home/ignatius/Documents/fiuba/SistemasDigitales/mis_viejos_tps/tul1-sistemas-digitales-708d9dac95a2/TP2/src/sigmadelta/contadorBCD.vhd sub00/vhpl13 1594491192
AR contador_sigmadelta contador_sigmadelta_arq /home/ignatius/Documents/fiuba/SistemasDigitales/mis_viejos_tps/tul1-sistemas-digitales-708d9dac95a2/TP2/src/sigmadelta/contador_sigmadelta.vhd sub00/vhpl17 1594491204
AR receive arch /home/ignatius/Documents/fiuba/SistemasDigitales/mis_viejos_tps/tul1-sistemas-digitales-708d9dac95a2/TP4/UART/receive.vhd sub00/vhpl24 1595126212
AR sigmadelta sigmadelta_arq /home/ignatius/Documents/fiuba/SistemasDigitales/mis_viejos_tps/tul1-sistemas-digitales-708d9dac95a2/TP2/src/sigmadelta/sigmadelta.vhd sub00/vhpl19 1594491206
AR vga_driver vga_driver_arq /home/ignatius/Documents/fiuba/SistemasDigitales/mis_viejos_tps/tul1-sistemas-digitales-708d9dac95a2/TP2/src/VGA/VGA_driver.vhd sub00/vhpl09 1594498185
EN ffd NULL /home/ignatius/Documents/fiuba/SistemasDigitales/mis_viejos_tps/tul1-sistemas-digitales-708d9dac95a2/TP2/src/sigmadelta/FFD.vhd sub00/vhpl14 1594491201
AR vga_ctrl vga_ctrl_arq /home/ignatius/Documents/fiuba/SistemasDigitales/tp_cordic_carballeda/tp_cordic/remote_sources/_/_/_/mis_viejos_tps/tul1-sistemas-digitales-708d9dac95a2/TP2/src/VGA/VGActrl.vhd sub00/vhpl07 1595126218
AR timing timing /home/ignatius/Documents/fiuba/SistemasDigitales/mis_viejos_tps/tul1-sistemas-digitales-708d9dac95a2/TP4/UART/timing.vhd sub00/vhpl28 1595126216
AR transmit arch /home/ignatius/Documents/fiuba/SistemasDigitales/mis_viejos_tps/tul1-sistemas-digitales-708d9dac95a2/TP4/UART/transmit.vhd sub00/vhpl26 1595126214
EN vga_driver NULL /home/ignatius/Documents/fiuba/SistemasDigitales/mis_viejos_tps/tul1-sistemas-digitales-708d9dac95a2/TP2/src/VGA/VGA_driver.vhd sub00/vhpl08 1594498184
EN char_rom NULL /home/ignatius/Documents/fiuba/SistemasDigitales/mis_viejos_tps/tul1-sistemas-digitales-708d9dac95a2/TP2/src/VGA/Char_ROM.vhd sub00/vhpl04 1594498180
AR char_rom p /home/ignatius/Documents/fiuba/SistemasDigitales/mis_viejos_tps/tul1-sistemas-digitales-708d9dac95a2/TP2/src/VGA/Char_ROM.vhd sub00/vhpl05 1594498181
EN sigmadelta NULL /home/ignatius/Documents/fiuba/SistemasDigitales/mis_viejos_tps/tul1-sistemas-digitales-708d9dac95a2/TP2/src/sigmadelta/sigmadelta.vhd sub00/vhpl18 1594491205
EN receive NULL /home/ignatius/Documents/fiuba/SistemasDigitales/mis_viejos_tps/tul1-sistemas-digitales-708d9dac95a2/TP4/UART/receive.vhd sub00/vhpl23 1595126211
AR uart arch /home/ignatius/Documents/fiuba/SistemasDigitales/mis_viejos_tps/tul1-sistemas-digitales-708d9dac95a2/TP4/UART/uart.vhd sub00/vhpl30 1595126222
AR mux_romtovga mux_romtovga_arq /home/ignatius/Documents/fiuba/SistemasDigitales/mis_viejos_tps/tul1-sistemas-digitales-708d9dac95a2/TP2/src/VGA/mux_ROMtoVGA.vhd sub00/vhpl01 1594498177
EN driver NULL /home/ignatius/Documents/fiuba/SistemasDigitales/mis_viejos_tps/tul1-sistemas-digitales-708d9dac95a2/TP2/src/VGA/driver.vhd sub00/vhpl02 1594498178
EN ram NULL /home/ignatius/Documents/fiuba/SistemasDigitales/tp_cordic_carballeda/tp_cordic/ipcore_dir/RAM.vhd sub00/vhpl20 1595126219
EN timing NULL /home/ignatius/Documents/fiuba/SistemasDigitales/mis_viejos_tps/tul1-sistemas-digitales-708d9dac95a2/TP4/UART/timing.vhd sub00/vhpl27 1595126215
AR top_level top_level_arq /home/ignatius/Documents/fiuba/SistemasDigitales/tp_cordic_carballeda/tp_cordic/top.vhd sub00/vhpl11 1595126224
EN uart NULL /home/ignatius/Documents/fiuba/SistemasDigitales/mis_viejos_tps/tul1-sistemas-digitales-708d9dac95a2/TP4/UART/uart.vhd sub00/vhpl29 1595126221
AR ffd ffd_arq /home/ignatius/Documents/fiuba/SistemasDigitales/mis_viejos_tps/tul1-sistemas-digitales-708d9dac95a2/TP2/src/sigmadelta/FFD.vhd sub00/vhpl15 1594491202
EN transmit NULL /home/ignatius/Documents/fiuba/SistemasDigitales/mis_viejos_tps/tul1-sistemas-digitales-708d9dac95a2/TP4/UART/transmit.vhd sub00/vhpl25 1595126213
EN top_level NULL /home/ignatius/Documents/fiuba/SistemasDigitales/tp_cordic_carballeda/tp_cordic/top.vhd sub00/vhpl10 1595126223
AR driver driver_arq /home/ignatius/Documents/fiuba/SistemasDigitales/mis_viejos_tps/tul1-sistemas-digitales-708d9dac95a2/TP2/src/VGA/driver.vhd sub00/vhpl03 1594498179
