AR video_driver behavioral /home/ignatius/Documents/repos/cordic_vhdl/tp_cordic/src/video_driver.vhd sub00/vhpl18 1601427035
PH uart_comps NULL /home/ignatius/Documents/repos/cordic_vhdl/tp_cordic/src/UART/uart_comps.vhd sub00/vhpl00 1601427019
EN vga_ctrl NULL /home/ignatius/Documents/repos/cordic_vhdl/tp_cordic/src/VGA/VGActrl.vhd sub00/vhpl07 1601427026
AR ram ram_a /home/ignatius/Documents/repos/cordic_vhdl/tp_cordic/ipcore_dir/RAM.vhd sub00/vhpl10 1601427029
AR write_in_vram behavioral /home/ignatius/Documents/repos/cordic_vhdl/tp_cordic/write_in_vram.vhd sub00/vhpl20 1598816474
AR rotator behavioral /home/ignatius/Documents/repos/cordic_vhdl/tp_cordic/src/Cordic/rotator.vhdl sub00/vhpl30 1601427041
EN dpram NULL /home/ignatius/Documents/repos/cordic_vhdl/tp_cordic/src/vram.vhd sub00/vhpl13 1601427032
AR dpram rtl /home/ignatius/Documents/repos/cordic_vhdl/tp_cordic/src/vram.vhd sub00/vhpl14 1601427033
AR receive arch /home/ignatius/Documents/repos/cordic_vhdl/tp_cordic/src/UART/receive.vhd sub00/vhpl02 1601427021
AR vga_ctrl vga_ctrl_arq /home/ignatius/Documents/repos/cordic_vhdl/tp_cordic/src/VGA/VGActrl.vhd sub00/vhpl08 1601427027
AR timing timing /home/ignatius/Documents/repos/cordic_vhdl/tp_cordic/src/UART/timing.vhd sub00/vhpl06 1601427025
EN debounce NULL /home/ignatius/Documents/repos/cordic_vhdl/tp_cordic/src/debounce.vhd sub00/vhpl31 1601427038
EN cordic NULL /home/ignatius/Documents/repos/cordic_vhdl/tp_cordic/src/Cordic/cordic.vhdl sub00/vhpl27 1601427015
AR transmit arch /home/ignatius/Documents/repos/cordic_vhdl/tp_cordic/src/UART/transmit.vhd sub00/vhpl04 1601427023
EN rotator NULL /home/ignatius/Documents/repos/cordic_vhdl/tp_cordic/src/Cordic/rotator.vhdl sub00/vhpl29 1601427040
EN binary_bcd NULL /home/ignatius/Documents/repos/cordic_vhdl/tp_cordic/src/bcd_converter.vhd sub00/vhpl23 1601427017
AR cordic behavioral /home/ignatius/Documents/repos/cordic_vhdl/tp_cordic/src/Cordic/cordic.vhdl sub00/vhpl28 1601427016
AR led8 behavioral /home/ignatius/Documents/repos/cordic_vhdl/tp_cordic/src/seven_seg_display.vhd sub00/vhpl22 1601427037
EN write_in_vram NULL /home/ignatius/Documents/repos/cordic_vhdl/tp_cordic/write_in_vram.vhd sub00/vhpl19 1598816473
AR binary_bcd behaviour /home/ignatius/Documents/repos/cordic_vhdl/tp_cordic/src/bcd_converter.vhd sub00/vhpl24 1601427018
EN receive NULL /home/ignatius/Documents/repos/cordic_vhdl/tp_cordic/src/UART/receive.vhd sub00/vhpl01 1601427020
AR uart arch /home/ignatius/Documents/repos/cordic_vhdl/tp_cordic/src/UART/uart.vhd sub00/vhpl12 1601427031
EN timing NULL /home/ignatius/Documents/repos/cordic_vhdl/tp_cordic/src/UART/timing.vhd sub00/vhpl05 1601427024
EN ram NULL /home/ignatius/Documents/repos/cordic_vhdl/tp_cordic/ipcore_dir/RAM.vhd sub00/vhpl09 1601427028
EN cordic_stage NULL /home/ignatius/Documents/repos/cordic_vhdl/tp_cordic/src/Cordic/cordic_stage.vhdl sub00/vhpl25 1601427013
EN uart NULL /home/ignatius/Documents/repos/cordic_vhdl/tp_cordic/src/UART/uart.vhd sub00/vhpl11 1601427030
AR top_level top_level_arq /home/ignatius/Documents/repos/cordic_vhdl/tp_cordic/top.vhd sub00/vhpl16 1601427043
EN led8 NULL /home/ignatius/Documents/repos/cordic_vhdl/tp_cordic/src/seven_seg_display.vhd sub00/vhpl21 1601427036
EN video_driver NULL /home/ignatius/Documents/repos/cordic_vhdl/tp_cordic/src/video_driver.vhd sub00/vhpl17 1601427034
EN transmit NULL /home/ignatius/Documents/repos/cordic_vhdl/tp_cordic/src/UART/transmit.vhd sub00/vhpl03 1601427022
EN top_level NULL /home/ignatius/Documents/repos/cordic_vhdl/tp_cordic/top.vhd sub00/vhpl15 1601427042
AR cordic_stage behavioral /home/ignatius/Documents/repos/cordic_vhdl/tp_cordic/src/Cordic/cordic_stage.vhdl sub00/vhpl26 1601427014
AR debounce exp_fsmd_arch /home/ignatius/Documents/repos/cordic_vhdl/tp_cordic/src/debounce.vhd sub00/vhpl32 1601427039
