V3 65
FL /home/ignatius/Documents/fiuba/SistemasDigitales/3S500WE_Examples/VHDL/vga_test/top.vhd 2020/07/12.10:25:41 P.20131013
FL /home/ignatius/Documents/fiuba/SistemasDigitales/mis_viejos_tps/tul1-sistemas-digitales-708d9dac95a2/TP2/src/sigmadelta/contadorBCD.vhd 2016/02/19.03:23:30 P.20131013
EN work/contadorBCD_4bit 1594491191 \
      FL /home/ignatius/Documents/fiuba/SistemasDigitales/mis_viejos_tps/tul1-sistemas-digitales-708d9dac95a2/TP2/src/sigmadelta/contadorBCD.vhd \
      PB ieee/std_logic_1164 1381692176 PB ieee/NUMERIC_STD 1381692181
AR work/contadorBCD_4bit/contadorBCD_4bit_arq 1594491192 \
      FL /home/ignatius/Documents/fiuba/SistemasDigitales/mis_viejos_tps/tul1-sistemas-digitales-708d9dac95a2/TP2/src/sigmadelta/contadorBCD.vhd \
      EN work/contadorBCD_4bit 1594491191
FL /home/ignatius/Documents/fiuba/SistemasDigitales/mis_viejos_tps/tul1-sistemas-digitales-708d9dac95a2/TP2/src/sigmadelta/contador_sigmadelta.vhd 2016/02/19.03:23:30 P.20131013
EN work/contador_sigmadelta 1594491203 \
      FL /home/ignatius/Documents/fiuba/SistemasDigitales/mis_viejos_tps/tul1-sistemas-digitales-708d9dac95a2/TP2/src/sigmadelta/contador_sigmadelta.vhd \
      PB ieee/std_logic_1164 1381692176 PB ieee/NUMERIC_STD 1381692181
AR work/contador_sigmadelta/contador_sigmadelta_arq 1594491204 \
      FL /home/ignatius/Documents/fiuba/SistemasDigitales/mis_viejos_tps/tul1-sistemas-digitales-708d9dac95a2/TP2/src/sigmadelta/contador_sigmadelta.vhd \
      EN work/contador_sigmadelta 1594491203 CP contadorBCD_4bit
FL /home/ignatius/Documents/fiuba/SistemasDigitales/mis_viejos_tps/tul1-sistemas-digitales-708d9dac95a2/TP2/src/sigmadelta/FFD.vhd 2016/02/19.03:23:30 P.20131013
EN work/FFD 1594491201 \
      FL /home/ignatius/Documents/fiuba/SistemasDigitales/mis_viejos_tps/tul1-sistemas-digitales-708d9dac95a2/TP2/src/sigmadelta/FFD.vhd \
      PB ieee/std_logic_1164 1381692176 PB ieee/NUMERIC_STD 1381692181
AR work/FFD/FFD_arq 1594491202 \
      FL /home/ignatius/Documents/fiuba/SistemasDigitales/mis_viejos_tps/tul1-sistemas-digitales-708d9dac95a2/TP2/src/sigmadelta/FFD.vhd \
      EN work/FFD 1594491201
FL /home/ignatius/Documents/fiuba/SistemasDigitales/mis_viejos_tps/tul1-sistemas-digitales-708d9dac95a2/TP2/src/sigmadelta/sigmadelta.vhd 2016/02/19.03:23:30 P.20131013
EN work/sigmadelta 1594491205 \
      FL /home/ignatius/Documents/fiuba/SistemasDigitales/mis_viejos_tps/tul1-sistemas-digitales-708d9dac95a2/TP2/src/sigmadelta/sigmadelta.vhd \
      PB ieee/std_logic_1164 1381692176 PB ieee/NUMERIC_STD 1381692181
AR work/sigmadelta/sigmadelta_arq 1594491206 \
      FL /home/ignatius/Documents/fiuba/SistemasDigitales/mis_viejos_tps/tul1-sistemas-digitales-708d9dac95a2/TP2/src/sigmadelta/sigmadelta.vhd \
      EN work/sigmadelta 1594491205 CP FFD CP contador_sigmadelta
FL /home/ignatius/Documents/fiuba/SistemasDigitales/mis_viejos_tps/tul1-sistemas-digitales-708d9dac95a2/TP2/src/top_level.vhd 2020/07/11.16:38:49 P.20131013
FL /home/ignatius/Documents/fiuba/SistemasDigitales/mis_viejos_tps/tul1-sistemas-digitales-708d9dac95a2/TP2/src/VGA/Char_ROM.vhd 2020/07/11.16:34:52 P.20131013
EN work/Char_ROM 1594498180 \
      FL /home/ignatius/Documents/fiuba/SistemasDigitales/mis_viejos_tps/tul1-sistemas-digitales-708d9dac95a2/TP2/src/VGA/Char_ROM.vhd \
      PB ieee/std_logic_1164 1381692176 PB ieee/std_logic_arith 1381692177 \
      PB ieee/STD_LOGIC_UNSIGNED 1381692179
AR work/Char_ROM/p 1594498181 \
      FL /home/ignatius/Documents/fiuba/SistemasDigitales/mis_viejos_tps/tul1-sistemas-digitales-708d9dac95a2/TP2/src/VGA/Char_ROM.vhd \
      EN work/Char_ROM 1594498180
FL /home/ignatius/Documents/fiuba/SistemasDigitales/mis_viejos_tps/tul1-sistemas-digitales-708d9dac95a2/TP2/src/VGA/driver.vhd 2016/02/19.03:23:30 P.20131013
EN work/driver 1594498178 \
      FL /home/ignatius/Documents/fiuba/SistemasDigitales/mis_viejos_tps/tul1-sistemas-digitales-708d9dac95a2/TP2/src/VGA/driver.vhd \
      PB ieee/std_logic_1164 1381692176 PB ieee/NUMERIC_STD 1381692181
AR work/driver/driver_arq 1594498179 \
      FL /home/ignatius/Documents/fiuba/SistemasDigitales/mis_viejos_tps/tul1-sistemas-digitales-708d9dac95a2/TP2/src/VGA/driver.vhd \
      EN work/driver 1594498178
FL /home/ignatius/Documents/fiuba/SistemasDigitales/mis_viejos_tps/tul1-sistemas-digitales-708d9dac95a2/TP2/src/VGA/mux_ROMtoVGA.vhd 2020/07/11.16:38:23 P.20131013
EN work/mux_ROMtoVGA 1594498176 \
      FL /home/ignatius/Documents/fiuba/SistemasDigitales/mis_viejos_tps/tul1-sistemas-digitales-708d9dac95a2/TP2/src/VGA/mux_ROMtoVGA.vhd \
      PB ieee/std_logic_1164 1381692176 PB ieee/NUMERIC_STD 1381692181
AR work/mux_ROMtoVGA/mux_ROMtoVGA_arq 1594498177 \
      FL /home/ignatius/Documents/fiuba/SistemasDigitales/mis_viejos_tps/tul1-sistemas-digitales-708d9dac95a2/TP2/src/VGA/mux_ROMtoVGA.vhd \
      EN work/mux_ROMtoVGA 1594498176
FL /home/ignatius/Documents/fiuba/SistemasDigitales/mis_viejos_tps/tul1-sistemas-digitales-708d9dac95a2/TP2/src/VGA/VGActrl.vhd 2016/02/19.03:23:30 P.20131013
FL /home/ignatius/Documents/fiuba/SistemasDigitales/mis_viejos_tps/tul1-sistemas-digitales-708d9dac95a2/TP2/src/VGA/VGA_driver.vhd 2020/07/11.17:09:31 P.20131013
EN work/VGA_driver 1594498184 \
      FL /home/ignatius/Documents/fiuba/SistemasDigitales/mis_viejos_tps/tul1-sistemas-digitales-708d9dac95a2/TP2/src/VGA/VGA_driver.vhd \
      PB ieee/std_logic_1164 1381692176 PB ieee/NUMERIC_STD 1381692181
AR work/VGA_driver/VGA_driver_arq 1594498185 \
      FL /home/ignatius/Documents/fiuba/SistemasDigitales/mis_viejos_tps/tul1-sistemas-digitales-708d9dac95a2/TP2/src/VGA/VGA_driver.vhd \
      EN work/VGA_driver 1594498184 CP mux_ROMtoVGA CP driver CP Char_ROM \
      CP vga_ctrl
FL /home/ignatius/Documents/fiuba/SistemasDigitales/mis_viejos_tps/tul1-sistemas-digitales-708d9dac95a2/TP4/UART/receive.vhd 2016/02/19.03:23:30 P.20131013
EN work/receive 1595126211 \
      FL /home/ignatius/Documents/fiuba/SistemasDigitales/mis_viejos_tps/tul1-sistemas-digitales-708d9dac95a2/TP4/UART/receive.vhd \
      PB ieee/std_logic_1164 1381692176 PB ieee/NUMERIC_STD 1381692181
AR work/receive/arch 1595126212 \
      FL /home/ignatius/Documents/fiuba/SistemasDigitales/mis_viejos_tps/tul1-sistemas-digitales-708d9dac95a2/TP4/UART/receive.vhd \
      EN work/receive 1595126211
FL /home/ignatius/Documents/fiuba/SistemasDigitales/mis_viejos_tps/tul1-sistemas-digitales-708d9dac95a2/TP4/UART/timing.vhd 2016/02/19.03:23:30 P.20131013
EN work/timing 1595126215 \
      FL /home/ignatius/Documents/fiuba/SistemasDigitales/mis_viejos_tps/tul1-sistemas-digitales-708d9dac95a2/TP4/UART/timing.vhd \
      PB ieee/std_logic_1164 1381692176 PB ieee/NUMERIC_STD 1381692181 \
      PB ieee/STD_LOGIC_UNSIGNED 1381692179
AR work/timing/timing 1595126216 \
      FL /home/ignatius/Documents/fiuba/SistemasDigitales/mis_viejos_tps/tul1-sistemas-digitales-708d9dac95a2/TP4/UART/timing.vhd \
      EN work/timing 1595126215
FL /home/ignatius/Documents/fiuba/SistemasDigitales/mis_viejos_tps/tul1-sistemas-digitales-708d9dac95a2/TP4/UART/transmit.vhd 2016/02/19.03:23:30 P.20131013
EN work/transmit 1595126213 \
      FL /home/ignatius/Documents/fiuba/SistemasDigitales/mis_viejos_tps/tul1-sistemas-digitales-708d9dac95a2/TP4/UART/transmit.vhd \
      PB ieee/std_logic_1164 1381692176 PB ieee/NUMERIC_STD 1381692181
AR work/transmit/arch 1595126214 \
      FL /home/ignatius/Documents/fiuba/SistemasDigitales/mis_viejos_tps/tul1-sistemas-digitales-708d9dac95a2/TP4/UART/transmit.vhd \
      EN work/transmit 1595126213
FL /home/ignatius/Documents/fiuba/SistemasDigitales/mis_viejos_tps/tul1-sistemas-digitales-708d9dac95a2/TP4/UART/uart.vhd 2020/07/18.13:58:28 P.20131013
EN work/uart 1595126221 \
      FL /home/ignatius/Documents/fiuba/SistemasDigitales/mis_viejos_tps/tul1-sistemas-digitales-708d9dac95a2/TP4/UART/uart.vhd \
      PB ieee/std_logic_1164 1381692176 PB ieee/NUMERIC_STD 1381692181 \
      PH work/uart_comps 1595126210
AR work/uart/arch 1595126222 \
      FL /home/ignatius/Documents/fiuba/SistemasDigitales/mis_viejos_tps/tul1-sistemas-digitales-708d9dac95a2/TP4/UART/uart.vhd \
      EN work/uart 1595126221 CP receive CP transmit CP timing
FL /home/ignatius/Documents/fiuba/SistemasDigitales/mis_viejos_tps/tul1-sistemas-digitales-708d9dac95a2/TP4/UART/uart_comps.vhd 2016/02/19.03:23:30 P.20131013
PH work/uart_comps 1595126210 \
      FL /home/ignatius/Documents/fiuba/SistemasDigitales/mis_viejos_tps/tul1-sistemas-digitales-708d9dac95a2/TP4/UART/uart_comps.vhd \
      PB ieee/std_logic_1164 1381692176 CD timing CD transmit CD receive
FL /home/ignatius/Documents/fiuba/SistemasDigitales/tp_cordic_carballeda/tp_cordic/ipcore_dir/RAM.vhd 2020/07/18.21:46:25 P.20131013
EN work/RAM 1595126219 \
      FL /home/ignatius/Documents/fiuba/SistemasDigitales/tp_cordic_carballeda/tp_cordic/ipcore_dir/RAM.vhd \
      PB ieee/std_logic_1164 1381692176
AR work/RAM/RAM_a 1595126220 \
      FL /home/ignatius/Documents/fiuba/SistemasDigitales/tp_cordic_carballeda/tp_cordic/ipcore_dir/RAM.vhd \
      EN work/RAM 1595126219
FL /home/ignatius/Documents/fiuba/SistemasDigitales/tp_cordic_carballeda/tp_cordic/remote_sources/_/_/_/mis_viejos_tps/tul1-sistemas-digitales-708d9dac95a2/TP2/src/VGA/VGActrl.vhd 2020/07/18.14:00:40 P.20131013
EN work/vga_ctrl 1595126217 \
      FL /home/ignatius/Documents/fiuba/SistemasDigitales/tp_cordic_carballeda/tp_cordic/remote_sources/_/_/_/mis_viejos_tps/tul1-sistemas-digitales-708d9dac95a2/TP2/src/VGA/VGActrl.vhd \
      PB ieee/std_logic_1164 1381692176 PB ieee/NUMERIC_STD 1381692181
AR work/vga_ctrl/vga_ctrl_arq 1595126218 \
      FL /home/ignatius/Documents/fiuba/SistemasDigitales/tp_cordic_carballeda/tp_cordic/remote_sources/_/_/_/mis_viejos_tps/tul1-sistemas-digitales-708d9dac95a2/TP2/src/VGA/VGActrl.vhd \
      EN work/vga_ctrl 1595126217
FL /home/ignatius/Documents/fiuba/SistemasDigitales/tp_cordic_carballeda/tp_cordic/top.vhd 2020/07/18.23:36:44 P.20131013
EN work/top_level 1595126223 \
      FL /home/ignatius/Documents/fiuba/SistemasDigitales/tp_cordic_carballeda/tp_cordic/top.vhd \
      PB ieee/std_logic_1164 1381692176 PB ieee/NUMERIC_STD 1381692181
AR work/top_level/top_level_arq 1595126224 \
      FL /home/ignatius/Documents/fiuba/SistemasDigitales/tp_cordic_carballeda/tp_cordic/top.vhd \
      EN work/top_level 1595126223 CP vga_ctrl CP RAM CP uart
