--------------------------------------------------------------------------------
Release 14.7 Trace  (lin64)
Copyright (c) 1995-2013 Xilinx, Inc.  All rights reserved.

/opt/Xilinx/14.7/ISE_DS/ISE/bin/lin64/unwrapped/trce -intstyle ise -v 3 -s 4 -n
3 -fastpaths -xml top_level.twx top_level.ncd -o top_level.twr top_level.pcf

Design file:              top_level.ncd
Physical constraint file: top_level.pcf
Device,package,speed:     xc3s500e,pq208,-4 (PRODUCTION 1.27 2013-10-13)
Report level:             verbose report

Environment Variable      Effect 
--------------------      ------ 
NONE                      No environment variables were set
--------------------------------------------------------------------------------

INFO:Timing:2698 - No timing constraints found, doing default enumeration.
INFO:Timing:3412 - To improve timing, see the Timing Closure User Guide (UG612).
INFO:Timing:2752 - To get complete path coverage, use the unconstrained paths 
   option. All paths that are not constrained will be reported in the 
   unconstrained paths section(s) of the report.
INFO:Timing:3339 - The clock-to-out numbers in this timing report are based on 
   a 50 Ohm transmission line loading model.  For the details of this model, 
   and for more information on accounting for different loading conditions, 
   please see the device datasheet.
INFO:Timing:3390 - This architecture does not support a default System Jitter 
   value, please add SYSTEM_JITTER constraint to the UCF to modify the Clock 
   Uncertainty calculation.
INFO:Timing:3389 - This architecture does not support 'Discrete Jitter' and 
   'Phase Error' calculations, these terms will be zero in the Clock 
   Uncertainty calculation.  Please make appropriate modification to 
   SYSTEM_JITTER to account for the unsupported Discrete Jitter and Phase 
   Error.



Data Sheet report:
-----------------
All values displayed in nanoseconds (ns)

Setup/Hold to clock clk_tl
------------+------------+------------+------------------+--------+
            |Max Setup to|Max Hold to |                  | Clock  |
Source      | clk (edge) | clk (edge) |Internal Clock(s) | Phase  |
------------+------------+------------+------------------+--------+
rst_tl      |    3.094(R)|    0.556(R)|clk_tl_BUFGP      |   0.000|
rx_tl       |    3.258(R)|   -0.048(R)|clk_tl_BUFGP      |   0.000|
------------+------------+------------+------------------+--------+

Clock clk_tl to Pad
-------------+------------+------------------+--------+
             | clk (edge) |                  | Clock  |
Destination  |   to PAD   |Internal Clock(s) | Phase  |
-------------+------------+------------------+--------+
blu_out_tl<0>|   15.178(R)|clk_tl_BUFGP      |   0.000|
blu_out_tl<1>|   14.886(R)|clk_tl_BUFGP      |   0.000|
grn_out_tl<0>|   14.910(R)|clk_tl_BUFGP      |   0.000|
grn_out_tl<1>|   15.156(R)|clk_tl_BUFGP      |   0.000|
grn_out_tl<2>|   14.866(R)|clk_tl_BUFGP      |   0.000|
hs_tl        |   12.246(R)|clk_tl_BUFGP      |   0.000|
led_tl<0>    |   11.507(R)|clk_tl_BUFGP      |   0.000|
led_tl<1>    |    9.614(R)|clk_tl_BUFGP      |   0.000|
led_tl<2>    |   10.930(R)|clk_tl_BUFGP      |   0.000|
led_tl<3>    |    8.904(R)|clk_tl_BUFGP      |   0.000|
red_out_tl<0>|   14.869(R)|clk_tl_BUFGP      |   0.000|
red_out_tl<1>|   14.867(R)|clk_tl_BUFGP      |   0.000|
red_out_tl<2>|   14.598(R)|clk_tl_BUFGP      |   0.000|
vs_tl        |   12.449(R)|clk_tl_BUFGP      |   0.000|
-------------+------------+------------------+--------+

Clock to Setup on destination clock clk_tl
---------------+---------+---------+---------+---------+
               | Src:Rise| Src:Fall| Src:Rise| Src:Fall|
Source Clock   |Dest:Rise|Dest:Rise|Dest:Fall|Dest:Fall|
---------------+---------+---------+---------+---------+
clk_tl         |   10.088|         |    6.212|    9.346|
---------------+---------+---------+---------+---------+


Analysis completed Tue Sep 29 21:50:52 2020 
--------------------------------------------------------------------------------

Trace Settings:
-------------------------
Trace Settings 

Peak Memory Usage: 357 MB



