Release 14.7 - xst P.20131013 (lin64)
Copyright (c) 1995-2013 Xilinx, Inc.  All rights reserved.
--> 
Parameter TMPDIR set to xst/projnav.tmp


Total REAL time to Xst completion: 0.00 secs
Total CPU time to Xst completion: 0.04 secs
 
--> 
Parameter xsthdpdir set to xst


Total REAL time to Xst completion: 0.00 secs
Total CPU time to Xst completion: 0.04 secs
 
--> 
Reading design: rotator.prj

TABLE OF CONTENTS
  1) Synthesis Options Summary
  2) HDL Compilation
  3) Design Hierarchy Analysis
  4) HDL Analysis
  5) HDL Synthesis
     5.1) HDL Synthesis Report
  6) Advanced HDL Synthesis
     6.1) Advanced HDL Synthesis Report
  7) Low Level Synthesis
  8) Partition Report
  9) Final Report
	9.1) Device utilization summary
	9.2) Partition Resource Summary
	9.3) TIMING REPORT


=========================================================================
*                      Synthesis Options Summary                        *
=========================================================================
---- Source Parameters
Input File Name                    : "rotator.prj"
Input Format                       : mixed
Ignore Synthesis Constraint File   : NO

---- Target Parameters
Output File Name                   : "rotator"
Output Format                      : NGC
Target Device                      : xc3s500e-4-pq208

---- Source Options
Top Module Name                    : rotator
Automatic FSM Extraction           : YES
FSM Encoding Algorithm             : Auto
Safe Implementation                : No
FSM Style                          : LUT
RAM Extraction                     : Yes
RAM Style                          : Auto
ROM Extraction                     : Yes
Mux Style                          : Auto
Decoder Extraction                 : YES
Priority Encoder Extraction        : Yes
Shift Register Extraction          : YES
Logical Shifter Extraction         : YES
XOR Collapsing                     : YES
ROM Style                          : Auto
Mux Extraction                     : Yes
Resource Sharing                   : YES
Asynchronous To Synchronous        : NO
Multiplier Style                   : Auto
Automatic Register Balancing       : No

---- Target Options
Add IO Buffers                     : YES
Global Maximum Fanout              : 500
Add Generic Clock Buffer(BUFG)     : 24
Register Duplication               : YES
Slice Packing                      : YES
Optimize Instantiated Primitives   : NO
Use Clock Enable                   : Yes
Use Synchronous Set                : Yes
Use Synchronous Reset              : Yes
Pack IO Registers into IOBs        : Auto
Equivalent register Removal        : YES

---- General Options
Optimization Goal                  : Speed
Optimization Effort                : 1
Keep Hierarchy                     : No
Netlist Hierarchy                  : As_Optimized
RTL Output                         : Yes
Global Optimization                : AllClockNets
Read Cores                         : YES
Write Timing Constraints           : NO
Cross Clock Analysis               : NO
Hierarchy Separator                : /
Bus Delimiter                      : <>
Case Specifier                     : Maintain
Slice Utilization Ratio            : 100
BRAM Utilization Ratio             : 100
Verilog 2001                       : YES
Auto BRAM Packing                  : NO
Slice Utilization Ratio Delta      : 5

=========================================================================


=========================================================================
*                          HDL Compilation                              *
=========================================================================
Compiling vhdl file "/home/ignatius/Documents/fiuba/SistemasDigitales/proyectos_de_otra_gente/sdigitales-tfinal/rotator/src/cordic_stage.vhdl" in Library work.
Entity <cordic_stage> compiled.
Entity <cordic_stage> (Architecture <behavioral>) compiled.
Compiling vhdl file "/home/ignatius/Documents/fiuba/SistemasDigitales/proyectos_de_otra_gente/sdigitales-tfinal/rotator/src/cordic.vhdl" in Library work.
Entity <cordic> compiled.
Entity <cordic> (Architecture <behavioral>) compiled.
Compiling vhdl file "/home/ignatius/Documents/fiuba/SistemasDigitales/proyectos_de_otra_gente/sdigitales-tfinal/rotator/src/rotator.vhdl" in Library work.
Entity <rotator> compiled.
Entity <rotator> (Architecture <behavioral>) compiled.

=========================================================================
*                     Design Hierarchy Analysis                         *
=========================================================================
Analyzing hierarchy for entity <rotator> in library <work> (architecture <behavioral>) with generics.
	ANGLES_INTEGER_WIDTH = 6
	COORDS_WIDTH = 10
	STAGES = 16

Analyzing hierarchy for entity <cordic> in library <work> (architecture <behavioral>) with generics.
	ANGLES_INTEGER_WIDTH = 6
	COORDS_WIDTH = 10
	STAGES = 16

Analyzing hierarchy for entity <cordic_stage> in library <work> (architecture <behavioral>) with generics.
	ANGLE_WIDTH = 22
	COORDS_WIDTH = 10
	STEP_WIDTH = 4


=========================================================================
*                            HDL Analysis                               *
=========================================================================
Analyzing generic Entity <rotator> in library <work> (Architecture <behavioral>).
	ANGLES_INTEGER_WIDTH = 6
	COORDS_WIDTH = 10
	STAGES = 16
Entity <rotator> analyzed. Unit <rotator> generated.

Analyzing generic Entity <cordic> in library <work> (Architecture <behavioral>).
	ANGLES_INTEGER_WIDTH = 6
	COORDS_WIDTH = 10
	STAGES = 16
Entity <cordic> analyzed. Unit <cordic> generated.

Analyzing generic Entity <cordic_stage> in library <work> (Architecture <behavioral>).
	ANGLE_WIDTH = 22
	COORDS_WIDTH = 10
	STEP_WIDTH = 4
Entity <cordic_stage> analyzed. Unit <cordic_stage> generated.


=========================================================================
*                           HDL Synthesis                               *
=========================================================================

Performing bidirectional port resolution...

Synthesizing Unit <cordic_stage>.
    Related source file is "/home/ignatius/Documents/fiuba/SistemasDigitales/proyectos_de_otra_gente/sdigitales-tfinal/rotator/src/cordic_stage.vhdl".
    Found 10-bit addsub for signal <X>.
    Found 10-bit addsub for signal <Y>.
    Found 22-bit addsub for signal <Z>.
    Found 10-bit shifter arithmetic right for signal <Xshifted>.
    Found 10-bit shifter arithmetic right for signal <Yshifted>.
    Summary:
	inferred   3 Adder/Subtractor(s).
	inferred   2 Combinational logic shifter(s).
Unit <cordic_stage> synthesized.


Synthesizing Unit <cordic>.
    Related source file is "/home/ignatius/Documents/fiuba/SistemasDigitales/proyectos_de_otra_gente/sdigitales-tfinal/rotator/src/cordic.vhdl".
WARNING:Xst:646 - Signal <sZ_array<16>> is assigned but never used. This unconnected signal will be trimmed during the optimization process.
WARNING:Xst:646 - Signal <sY_multiplication_buffer<19>> is assigned but never used. This unconnected signal will be trimmed during the optimization process.
WARNING:Xst:646 - Signal <sY_multiplication_buffer<8:0>> is assigned but never used. This unconnected signal will be trimmed during the optimization process.
WARNING:Xst:646 - Signal <sX_multiplication_buffer<19>> is assigned but never used. This unconnected signal will be trimmed during the optimization process.
WARNING:Xst:646 - Signal <sX_multiplication_buffer<8:0>> is assigned but never used. This unconnected signal will be trimmed during the optimization process.
WARNING:Xst:653 - Signal <sCordic_scale_factor> is used but never assigned. This sourceless signal will be automatically connected to value 0100110111.
    Found 6-bit addsub for signal <anglet$share0000> created at line 125.
    Found 10x10-bit multiplier for signal <sX_multiplication_buffer>.
    Found 10x10-bit multiplier for signal <sY_multiplication_buffer>.
    Found 6-bit comparator greater for signal <X$cmp_gt0000> created at line 128.
    Found 6-bit comparator less for signal <X$cmp_lt0000> created at line 125.
    Found 10-bit adder for signal <X$share0000> created at line 125.
    Summary:
	inferred   2 Adder/Subtractor(s).
	inferred   2 Multiplier(s).
	inferred   2 Comparator(s).
Unit <cordic> synthesized.


Synthesizing Unit <rotator>.
    Related source file is "/home/ignatius/Documents/fiuba/SistemasDigitales/proyectos_de_otra_gente/sdigitales-tfinal/rotator/src/rotator.vhdl".
    Found 10-bit register for signal <X>.
    Found 10-bit register for signal <Y>.
    Found 10-bit register for signal <Z>.
    Found 6-bit register for signal <X_angle>.
    Found 10-bit register for signal <X_rotator_X0>.
    Found 10-bit register for signal <X_rotator_Y0>.
    Found 6-bit register for signal <Y_angle>.
    Found 10-bit register for signal <y_rotator_X0>.
    Found 10-bit register for signal <Y_rotator_Y0>.
    Found 6-bit register for signal <Z_angle>.
    Found 10-bit register for signal <Z_rotator_X0>.
    Found 10-bit register for signal <Z_rotator_Y0>.
    Summary:
	inferred 108 D-type flip-flop(s).
Unit <rotator> synthesized.

INFO:Xst:1767 - HDL ADVISOR - Resource sharing has identified that some arithmetic operations in this design can share the same physical resources for reduced device utilization. For improved clock frequency you may try to disable resource sharing.

=========================================================================
HDL Synthesis Report

Macro Statistics
# Multipliers                                          : 6
 10x10-bit multiplier                                  : 6
# Adders/Subtractors                                   : 150
 10-bit adder                                          : 3
 10-bit addsub                                         : 96
 22-bit addsub                                         : 48
 6-bit addsub                                          : 3
# Registers                                            : 12
 10-bit register                                       : 9
 6-bit register                                        : 3
# Comparators                                          : 6
 6-bit comparator greater                              : 3
 6-bit comparator less                                 : 3
# Logic shifters                                       : 96
 10-bit shifter arithmetic right                       : 96

=========================================================================

=========================================================================
*                       Advanced HDL Synthesis                          *
=========================================================================


=========================================================================
Advanced HDL Synthesis Report

Macro Statistics
# Multipliers                                          : 6
 10x10-bit multiplier                                  : 6
# Adders/Subtractors                                   : 150
 10-bit adder                                          : 3
 10-bit addsub                                         : 96
 22-bit addsub                                         : 48
 6-bit addsub                                          : 3
# Registers                                            : 108
 Flip-Flops                                            : 108
# Comparators                                          : 6
 6-bit comparator greater                              : 3
 6-bit comparator less                                 : 3
# Logic shifters                                       : 96
 10-bit shifter arithmetic right                       : 96

=========================================================================

=========================================================================
*                         Low Level Synthesis                           *
=========================================================================

Optimizing unit <rotator> ...

Optimizing unit <cordic> ...

Mapping all equations...
Building and optimizing final netlist ...
PACKER Warning: Lut z_rotator/stages_instantiation[1].current_cordic_stage/Maddsub_Z_cy<18>11 is driving XOR and other loads hence can not be packed with the XOR/Carry. This would result in an extra LUT for a feedthrough.
PACKER Warning: Lut y_rotator/stages_instantiation[1].current_cordic_stage/Maddsub_Z_cy<18>11 is driving XOR and other loads hence can not be packed with the XOR/Carry. This would result in an extra LUT for a feedthrough.
PACKER Warning: Lut x_rotator/stages_instantiation[1].current_cordic_stage/Maddsub_Z_cy<18>11 is driving XOR and other loads hence can not be packed with the XOR/Carry. This would result in an extra LUT for a feedthrough.
Found area constraint ratio of 100 (+ 5) on block rotator, actual ratio is 22.
FlipFlop X_angle_3 has been replicated 2 time(s)
INFO:Xst:1843 - HDL ADVISOR - FlipFlop X_angle_3 connected to a primary input has been replicated
FlipFlop X_angle_4 has been replicated 2 time(s)
INFO:Xst:1843 - HDL ADVISOR - FlipFlop X_angle_4 connected to a primary input has been replicated
FlipFlop X_angle_5 has been replicated 1 time(s)
INFO:Xst:1843 - HDL ADVISOR - FlipFlop X_angle_5 connected to a primary input has been replicated
FlipFlop Y_angle_3 has been replicated 2 time(s)
INFO:Xst:1843 - HDL ADVISOR - FlipFlop Y_angle_3 connected to a primary input has been replicated
FlipFlop Y_angle_4 has been replicated 2 time(s)
INFO:Xst:1843 - HDL ADVISOR - FlipFlop Y_angle_4 connected to a primary input has been replicated
FlipFlop Y_angle_5 has been replicated 1 time(s)
INFO:Xst:1843 - HDL ADVISOR - FlipFlop Y_angle_5 connected to a primary input has been replicated
FlipFlop Z_angle_3 has been replicated 2 time(s)
INFO:Xst:1843 - HDL ADVISOR - FlipFlop Z_angle_3 connected to a primary input has been replicated
FlipFlop Z_angle_4 has been replicated 2 time(s)
INFO:Xst:1843 - HDL ADVISOR - FlipFlop Z_angle_4 connected to a primary input has been replicated
FlipFlop Z_angle_5 has been replicated 1 time(s)
INFO:Xst:1843 - HDL ADVISOR - FlipFlop Z_angle_5 connected to a primary input has been replicated
PACKER Warning: Lut z_rotator/stages_instantiation[1].current_cordic_stage/Maddsub_Z_cy<18>11 is driving XOR and other loads hence can not be packed with the XOR/Carry. This would result in an extra LUT for a feedthrough.
PACKER Warning: Lut y_rotator/stages_instantiation[1].current_cordic_stage/Maddsub_Z_cy<18>11 is driving XOR and other loads hence can not be packed with the XOR/Carry. This would result in an extra LUT for a feedthrough.
PACKER Warning: Lut x_rotator/stages_instantiation[1].current_cordic_stage/Maddsub_Z_cy<18>11 is driving XOR and other loads hence can not be packed with the XOR/Carry. This would result in an extra LUT for a feedthrough.

Final Macro Processing ...

=========================================================================
Final Register Report

Macro Statistics
# Registers                                            : 123
 Flip-Flops                                            : 123

=========================================================================

=========================================================================
*                           Partition Report                            *
=========================================================================

Partition Implementation Status
-------------------------------

  No Partitions were found in this design.

-------------------------------

=========================================================================
*                            Final Report                               *
=========================================================================
Final Results
RTL Top Level Output File Name     : rotator.ngr
Top Level Output File Name         : rotator
Output Format                      : NGC
Optimization Goal                  : Speed
Keep Hierarchy                     : No

Design Statistics
# IOs                              : 79

Cell Usage :
# BELS                             : 5729
#      GND                         : 1
#      INV                         : 66
#      LUT1                        : 3
#      LUT2                        : 765
#      LUT2_D                      : 3
#      LUT3                        : 1066
#      LUT3_D                      : 6
#      LUT3_L                      : 8
#      LUT4                        : 230
#      LUT4_D                      : 30
#      LUT4_L                      : 10
#      MUXCY                       : 1710
#      MUXF5                       : 45
#      VCC                         : 1
#      XORCY                       : 1785
# FlipFlops/Latches                : 123
#      FD                          : 123
# Clock Buffers                    : 1
#      BUFGP                       : 1
# IO Buffers                       : 78
#      IBUF                        : 48
#      OBUF                        : 30
# MULTs                            : 6
#      MULT18X18SIO                : 6
=========================================================================
PACKER Warning: Lut z_rotator/stages_instantiation[1].current_cordic_stage/Maddsub_Z_cy<18>11 is driving XOR and other loads hence can not be packed with the XOR/Carry. This would result in an extra LUT for a feedthrough.
PACKER Warning: Lut y_rotator/stages_instantiation[1].current_cordic_stage/Maddsub_Z_cy<18>11 is driving XOR and other loads hence can not be packed with the XOR/Carry. This would result in an extra LUT for a feedthrough.
PACKER Warning: Lut x_rotator/stages_instantiation[1].current_cordic_stage/Maddsub_Z_cy<18>11 is driving XOR and other loads hence can not be packed with the XOR/Carry. This would result in an extra LUT for a feedthrough.

Device utilization summary:
---------------------------

Selected Device : 3s500epq208-4 

 Number of Slices:                     1105  out of   4656    23%  
 Number of Slice Flip Flops:            123  out of   9312     1%  
 Number of 4 input LUTs:               2187  out of   9312    23%  
 Number of IOs:                          79
 Number of bonded IOBs:                  79  out of    158    50%  
 Number of MULT18X18SIOs:                 6  out of     20    30%  
 Number of GCLKs:                         1  out of     24     4%  

---------------------------
Partition Resource Summary:
---------------------------

  No Partitions were found in this design.

---------------------------


=========================================================================
TIMING REPORT

NOTE: THESE TIMING NUMBERS ARE ONLY A SYNTHESIS ESTIMATE.
      FOR ACCURATE TIMING INFORMATION PLEASE REFER TO THE TRACE REPORT
      GENERATED AFTER PLACE-and-ROUTE.

Clock Information:
------------------
-----------------------------------+------------------------+-------+
Clock Signal                       | Clock buffer(FF name)  | Load  |
-----------------------------------+------------------------+-------+
clk                                | BUFGP                  | 123   |
-----------------------------------+------------------------+-------+

Asynchronous Control Signals Information:
----------------------------------------
No asynchronous control signals found in this design

Timing Summary:
---------------
Speed Grade: -4

   Minimum period: 83.913ns (Maximum Frequency: 11.917MHz)
   Minimum input arrival time before clock: 2.057ns
   Maximum output required time after clock: 4.283ns
   Maximum combinational path delay: No path found

Timing Detail:
--------------
All values displayed in nanoseconds (ns)

=========================================================================
Timing constraint: Default period analysis for Clock 'clk'
  Clock period: 83.913ns (frequency: 11.917MHz)
  Total number of paths / destination ports: 54460149319767179984573038592 / 60
-------------------------------------------------------------------------
Delay:               83.913ns (Levels of Logic = 332)
  Source:            X_angle_2 (FF)
  Destination:       Z_rotator_Y0_9 (FF)
  Source Clock:      clk rising
  Destination Clock: clk rising

  Data Path: X_angle_2 to Z_rotator_Y0_9
                                Gate     Net
    Cell:in->out      fanout   Delay   Delay  Logical Name (Net Name)
    ----------------------------------------  ------------
     FD:C->Q              14   0.591   1.035  X_angle_2 (X_angle_2)
     LUT4_D:I2->LO         1   0.704   0.179  x_rotator/X_cmp_lt00001 (N439)
     LUT2:I1->O            1   0.704   0.424  x_rotator/Maddsub_anglet_share0000_lut<1>1_SW0 (N237)
     LUT4:I3->O            9   0.704   0.820  x_rotator/Maddsub_anglet_share0000_cy<2>11 (x_rotator/Maddsub_anglet_share0000_cy<2>)
     MUXF5:S->O           12   0.739   0.965  x_rotator/Maddsub_anglet_share0000_xor<5>11 (x_rotator/anglet_share0000<5>)
     LUT4:I3->O           10   0.704   0.886  x_rotator/anglet<5>2_1 (x_rotator/anglet<5>2)
     LUT4_D:I3->O          6   0.704   0.673  x_rotator/stages_instantiation[0].current_cordic_stage/Maddsub_Z_cy<5>1 (x_rotator/stages_instantiation[0].current_cordic_stage/Maddsub_Z_cy<5>)
     LUT4:I3->O            2   0.704   0.482  x_rotator/stages_instantiation[1].current_cordic_stage/Maddsub_Z_lut<16>1 (x_rotator/stages_instantiation[1].current_cordic_stage/Maddsub_Z_lut<16>)
     LUT3:I2->O            1   0.704   0.000  x_rotator/stages_instantiation[1].current_cordic_stage/Maddsub_Z_cy<17>1_G (N349)
     MUXF5:I1->O          23   0.321   1.237  x_rotator/stages_instantiation[1].current_cordic_stage/Maddsub_Z_cy<17>1 (x_rotator/stages_instantiation[1].current_cordic_stage/Maddsub_Z_cy<17>)
     LUT3:I2->O           12   0.704   0.000  x_rotator/stages_instantiation[1].current_cordic_stage/Maddsub_Z_cy<18>11 (x_rotator/stages_instantiation[1].current_cordic_stage/Maddsub_Z_cy<18>)
     MUXCY:S->O            1   0.464   0.000  x_rotator/stages_instantiation[2].current_cordic_stage/Maddsub_Z_cy<0> (x_rotator/stages_instantiation[2].current_cordic_stage/Maddsub_Z_cy<0>)
     MUXCY:CI->O           1   0.059   0.000  x_rotator/stages_instantiation[2].current_cordic_stage/Maddsub_Z_cy<1> (x_rotator/stages_instantiation[2].current_cordic_stage/Maddsub_Z_cy<1>)
     MUXCY:CI->O           1   0.059   0.000  x_rotator/stages_instantiation[2].current_cordic_stage/Maddsub_Z_cy<2> (x_rotator/stages_instantiation[2].current_cordic_stage/Maddsub_Z_cy<2>)
     MUXCY:CI->O           1   0.059   0.000  x_rotator/stages_instantiation[2].current_cordic_stage/Maddsub_Z_cy<3> (x_rotator/stages_instantiation[2].current_cordic_stage/Maddsub_Z_cy<3>)
     MUXCY:CI->O           1   0.059   0.000  x_rotator/stages_instantiation[2].current_cordic_stage/Maddsub_Z_cy<4> (x_rotator/stages_instantiation[2].current_cordic_stage/Maddsub_Z_cy<4>)
     MUXCY:CI->O           1   0.059   0.000  x_rotator/stages_instantiation[2].current_cordic_stage/Maddsub_Z_cy<5> (x_rotator/stages_instantiation[2].current_cordic_stage/Maddsub_Z_cy<5>)
     MUXCY:CI->O           1   0.059   0.000  x_rotator/stages_instantiation[2].current_cordic_stage/Maddsub_Z_cy<6> (x_rotator/stages_instantiation[2].current_cordic_stage/Maddsub_Z_cy<6>)
     MUXCY:CI->O           1   0.059   0.000  x_rotator/stages_instantiation[2].current_cordic_stage/Maddsub_Z_cy<7> (x_rotator/stages_instantiation[2].current_cordic_stage/Maddsub_Z_cy<7>)
     MUXCY:CI->O           1   0.059   0.000  x_rotator/stages_instantiation[2].current_cordic_stage/Maddsub_Z_cy<8> (x_rotator/stages_instantiation[2].current_cordic_stage/Maddsub_Z_cy<8>)
     MUXCY:CI->O           1   0.059   0.000  x_rotator/stages_instantiation[2].current_cordic_stage/Maddsub_Z_cy<9> (x_rotator/stages_instantiation[2].current_cordic_stage/Maddsub_Z_cy<9>)
     MUXCY:CI->O           1   0.059   0.000  x_rotator/stages_instantiation[2].current_cordic_stage/Maddsub_Z_cy<10> (x_rotator/stages_instantiation[2].current_cordic_stage/Maddsub_Z_cy<10>)
     MUXCY:CI->O           1   0.059   0.000  x_rotator/stages_instantiation[2].current_cordic_stage/Maddsub_Z_cy<11> (x_rotator/stages_instantiation[2].current_cordic_stage/Maddsub_Z_cy<11>)
     MUXCY:CI->O           1   0.059   0.000  x_rotator/stages_instantiation[2].current_cordic_stage/Maddsub_Z_cy<12> (x_rotator/stages_instantiation[2].current_cordic_stage/Maddsub_Z_cy<12>)
     MUXCY:CI->O           1   0.059   0.000  x_rotator/stages_instantiation[2].current_cordic_stage/Maddsub_Z_cy<13> (x_rotator/stages_instantiation[2].current_cordic_stage/Maddsub_Z_cy<13>)
     MUXCY:CI->O           1   0.059   0.000  x_rotator/stages_instantiation[2].current_cordic_stage/Maddsub_Z_cy<14> (x_rotator/stages_instantiation[2].current_cordic_stage/Maddsub_Z_cy<14>)
     MUXCY:CI->O           1   0.059   0.000  x_rotator/stages_instantiation[2].current_cordic_stage/Maddsub_Z_cy<15> (x_rotator/stages_instantiation[2].current_cordic_stage/Maddsub_Z_cy<15>)
     MUXCY:CI->O           1   0.059   0.000  x_rotator/stages_instantiation[2].current_cordic_stage/Maddsub_Z_cy<16> (x_rotator/stages_instantiation[2].current_cordic_stage/Maddsub_Z_cy<16>)
     MUXCY:CI->O           1   0.059   0.000  x_rotator/stages_instantiation[2].current_cordic_stage/Maddsub_Z_cy<17> (x_rotator/stages_instantiation[2].current_cordic_stage/Maddsub_Z_cy<17>)
     MUXCY:CI->O           1   0.059   0.000  x_rotator/stages_instantiation[2].current_cordic_stage/Maddsub_Z_cy<18> (x_rotator/stages_instantiation[2].current_cordic_stage/Maddsub_Z_cy<18>)
     MUXCY:CI->O           1   0.059   0.000  x_rotator/stages_instantiation[2].current_cordic_stage/Maddsub_Z_cy<19> (x_rotator/stages_instantiation[2].current_cordic_stage/Maddsub_Z_cy<19>)
     MUXCY:CI->O           0   0.059   0.000  x_rotator/stages_instantiation[2].current_cordic_stage/Maddsub_Z_cy<20> (x_rotator/stages_instantiation[2].current_cordic_stage/Maddsub_Z_cy<20>)
     XORCY:CI->O          43   0.804   1.345  x_rotator/stages_instantiation[2].current_cordic_stage/Maddsub_Z_xor<21> (x_rotator/sZ_array<3><21>)
     LUT2:I1->O            1   0.704   0.000  x_rotator/stages_instantiation[3].current_cordic_stage/Maddsub_Z_lut<0> (x_rotator/stages_instantiation[3].current_cordic_stage/Maddsub_Z_lut<0>)
     MUXCY:S->O            1   0.464   0.000  x_rotator/stages_instantiation[3].current_cordic_stage/Maddsub_Z_cy<0> (x_rotator/stages_instantiation[3].current_cordic_stage/Maddsub_Z_cy<0>)
     MUXCY:CI->O           1   0.059   0.000  x_rotator/stages_instantiation[3].current_cordic_stage/Maddsub_Z_cy<1> (x_rotator/stages_instantiation[3].current_cordic_stage/Maddsub_Z_cy<1>)
     MUXCY:CI->O           1   0.059   0.000  x_rotator/stages_instantiation[3].current_cordic_stage/Maddsub_Z_cy<2> (x_rotator/stages_instantiation[3].current_cordic_stage/Maddsub_Z_cy<2>)
     MUXCY:CI->O           1   0.059   0.000  x_rotator/stages_instantiation[3].current_cordic_stage/Maddsub_Z_cy<3> (x_rotator/stages_instantiation[3].current_cordic_stage/Maddsub_Z_cy<3>)
     MUXCY:CI->O           1   0.059   0.000  x_rotator/stages_instantiation[3].current_cordic_stage/Maddsub_Z_cy<4> (x_rotator/stages_instantiation[3].current_cordic_stage/Maddsub_Z_cy<4>)
     MUXCY:CI->O           1   0.059   0.000  x_rotator/stages_instantiation[3].current_cordic_stage/Maddsub_Z_cy<5> (x_rotator/stages_instantiation[3].current_cordic_stage/Maddsub_Z_cy<5>)
     MUXCY:CI->O           1   0.059   0.000  x_rotator/stages_instantiation[3].current_cordic_stage/Maddsub_Z_cy<6> (x_rotator/stages_instantiation[3].current_cordic_stage/Maddsub_Z_cy<6>)
     MUXCY:CI->O           1   0.059   0.000  x_rotator/stages_instantiation[3].current_cordic_stage/Maddsub_Z_cy<7> (x_rotator/stages_instantiation[3].current_cordic_stage/Maddsub_Z_cy<7>)
     MUXCY:CI->O           1   0.059   0.000  x_rotator/stages_instantiation[3].current_cordic_stage/Maddsub_Z_cy<8> (x_rotator/stages_instantiation[3].current_cordic_stage/Maddsub_Z_cy<8>)
     MUXCY:CI->O           1   0.059   0.000  x_rotator/stages_instantiation[3].current_cordic_stage/Maddsub_Z_cy<9> (x_rotator/stages_instantiation[3].current_cordic_stage/Maddsub_Z_cy<9>)
     MUXCY:CI->O           1   0.059   0.000  x_rotator/stages_instantiation[3].current_cordic_stage/Maddsub_Z_cy<10> (x_rotator/stages_instantiation[3].current_cordic_stage/Maddsub_Z_cy<10>)
     MUXCY:CI->O           1   0.059   0.000  x_rotator/stages_instantiation[3].current_cordic_stage/Maddsub_Z_cy<11> (x_rotator/stages_instantiation[3].current_cordic_stage/Maddsub_Z_cy<11>)
     MUXCY:CI->O           1   0.059   0.000  x_rotator/stages_instantiation[3].current_cordic_stage/Maddsub_Z_cy<12> (x_rotator/stages_instantiation[3].current_cordic_stage/Maddsub_Z_cy<12>)
     MUXCY:CI->O           1   0.059   0.000  x_rotator/stages_instantiation[3].current_cordic_stage/Maddsub_Z_cy<13> (x_rotator/stages_instantiation[3].current_cordic_stage/Maddsub_Z_cy<13>)
     MUXCY:CI->O           1   0.059   0.000  x_rotator/stages_instantiation[3].current_cordic_stage/Maddsub_Z_cy<14> (x_rotator/stages_instantiation[3].current_cordic_stage/Maddsub_Z_cy<14>)
     MUXCY:CI->O           1   0.059   0.000  x_rotator/stages_instantiation[3].current_cordic_stage/Maddsub_Z_cy<15> (x_rotator/stages_instantiation[3].current_cordic_stage/Maddsub_Z_cy<15>)
     MUXCY:CI->O           1   0.059   0.000  x_rotator/stages_instantiation[3].current_cordic_stage/Maddsub_Z_cy<16> (x_rotator/stages_instantiation[3].current_cordic_stage/Maddsub_Z_cy<16>)
     MUXCY:CI->O           1   0.059   0.000  x_rotator/stages_instantiation[3].current_cordic_stage/Maddsub_Z_cy<17> (x_rotator/stages_instantiation[3].current_cordic_stage/Maddsub_Z_cy<17>)
     MUXCY:CI->O           1   0.059   0.000  x_rotator/stages_instantiation[3].current_cordic_stage/Maddsub_Z_cy<18> (x_rotator/stages_instantiation[3].current_cordic_stage/Maddsub_Z_cy<18>)
     MUXCY:CI->O           1   0.059   0.000  x_rotator/stages_instantiation[3].current_cordic_stage/Maddsub_Z_cy<19> (x_rotator/stages_instantiation[3].current_cordic_stage/Maddsub_Z_cy<19>)
     MUXCY:CI->O           0   0.059   0.000  x_rotator/stages_instantiation[3].current_cordic_stage/Maddsub_Z_cy<20> (x_rotator/stages_instantiation[3].current_cordic_stage/Maddsub_Z_cy<20>)
     XORCY:CI->O          43   0.804   1.345  x_rotator/stages_instantiation[3].current_cordic_stage/Maddsub_Z_xor<21> (x_rotator/sZ_array<4><21>)
     LUT2:I1->O            1   0.704   0.000  x_rotator/stages_instantiation[4].current_cordic_stage/Maddsub_Z_lut<0> (x_rotator/stages_instantiation[4].current_cordic_stage/Maddsub_Z_lut<0>)
     MUXCY:S->O            1   0.464   0.000  x_rotator/stages_instantiation[4].current_cordic_stage/Maddsub_Z_cy<0> (x_rotator/stages_instantiation[4].current_cordic_stage/Maddsub_Z_cy<0>)
     MUXCY:CI->O           1   0.059   0.000  x_rotator/stages_instantiation[4].current_cordic_stage/Maddsub_Z_cy<1> (x_rotator/stages_instantiation[4].current_cordic_stage/Maddsub_Z_cy<1>)
     MUXCY:CI->O           1   0.059   0.000  x_rotator/stages_instantiation[4].current_cordic_stage/Maddsub_Z_cy<2> (x_rotator/stages_instantiation[4].current_cordic_stage/Maddsub_Z_cy<2>)
     MUXCY:CI->O           1   0.059   0.000  x_rotator/stages_instantiation[4].current_cordic_stage/Maddsub_Z_cy<3> (x_rotator/stages_instantiation[4].current_cordic_stage/Maddsub_Z_cy<3>)
     MUXCY:CI->O           1   0.059   0.000  x_rotator/stages_instantiation[4].current_cordic_stage/Maddsub_Z_cy<4> (x_rotator/stages_instantiation[4].current_cordic_stage/Maddsub_Z_cy<4>)
     MUXCY:CI->O           1   0.059   0.000  x_rotator/stages_instantiation[4].current_cordic_stage/Maddsub_Z_cy<5> (x_rotator/stages_instantiation[4].current_cordic_stage/Maddsub_Z_cy<5>)
     MUXCY:CI->O           1   0.059   0.000  x_rotator/stages_instantiation[4].current_cordic_stage/Maddsub_Z_cy<6> (x_rotator/stages_instantiation[4].current_cordic_stage/Maddsub_Z_cy<6>)
     MUXCY:CI->O           1   0.059   0.000  x_rotator/stages_instantiation[4].current_cordic_stage/Maddsub_Z_cy<7> (x_rotator/stages_instantiation[4].current_cordic_stage/Maddsub_Z_cy<7>)
     MUXCY:CI->O           1   0.059   0.000  x_rotator/stages_instantiation[4].current_cordic_stage/Maddsub_Z_cy<8> (x_rotator/stages_instantiation[4].current_cordic_stage/Maddsub_Z_cy<8>)
     MUXCY:CI->O           1   0.059   0.000  x_rotator/stages_instantiation[4].current_cordic_stage/Maddsub_Z_cy<9> (x_rotator/stages_instantiation[4].current_cordic_stage/Maddsub_Z_cy<9>)
     MUXCY:CI->O           1   0.059   0.000  x_rotator/stages_instantiation[4].current_cordic_stage/Maddsub_Z_cy<10> (x_rotator/stages_instantiation[4].current_cordic_stage/Maddsub_Z_cy<10>)
     MUXCY:CI->O           1   0.059   0.000  x_rotator/stages_instantiation[4].current_cordic_stage/Maddsub_Z_cy<11> (x_rotator/stages_instantiation[4].current_cordic_stage/Maddsub_Z_cy<11>)
     MUXCY:CI->O           1   0.059   0.000  x_rotator/stages_instantiation[4].current_cordic_stage/Maddsub_Z_cy<12> (x_rotator/stages_instantiation[4].current_cordic_stage/Maddsub_Z_cy<12>)
     MUXCY:CI->O           1   0.059   0.000  x_rotator/stages_instantiation[4].current_cordic_stage/Maddsub_Z_cy<13> (x_rotator/stages_instantiation[4].current_cordic_stage/Maddsub_Z_cy<13>)
     MUXCY:CI->O           1   0.059   0.000  x_rotator/stages_instantiation[4].current_cordic_stage/Maddsub_Z_cy<14> (x_rotator/stages_instantiation[4].current_cordic_stage/Maddsub_Z_cy<14>)
     MUXCY:CI->O           1   0.059   0.000  x_rotator/stages_instantiation[4].current_cordic_stage/Maddsub_Z_cy<15> (x_rotator/stages_instantiation[4].current_cordic_stage/Maddsub_Z_cy<15>)
     MUXCY:CI->O           1   0.059   0.000  x_rotator/stages_instantiation[4].current_cordic_stage/Maddsub_Z_cy<16> (x_rotator/stages_instantiation[4].current_cordic_stage/Maddsub_Z_cy<16>)
     MUXCY:CI->O           1   0.059   0.000  x_rotator/stages_instantiation[4].current_cordic_stage/Maddsub_Z_cy<17> (x_rotator/stages_instantiation[4].current_cordic_stage/Maddsub_Z_cy<17>)
     MUXCY:CI->O           1   0.059   0.000  x_rotator/stages_instantiation[4].current_cordic_stage/Maddsub_Z_cy<18> (x_rotator/stages_instantiation[4].current_cordic_stage/Maddsub_Z_cy<18>)
     MUXCY:CI->O           1   0.059   0.000  x_rotator/stages_instantiation[4].current_cordic_stage/Maddsub_Z_cy<19> (x_rotator/stages_instantiation[4].current_cordic_stage/Maddsub_Z_cy<19>)
     MUXCY:CI->O           0   0.059   0.000  x_rotator/stages_instantiation[4].current_cordic_stage/Maddsub_Z_cy<20> (x_rotator/stages_instantiation[4].current_cordic_stage/Maddsub_Z_cy<20>)
     XORCY:CI->O          43   0.804   1.345  x_rotator/stages_instantiation[4].current_cordic_stage/Maddsub_Z_xor<21> (x_rotator/sZ_array<5><21>)
     LUT2:I1->O            1   0.704   0.000  x_rotator/stages_instantiation[5].current_cordic_stage/Maddsub_Z_lut<0> (x_rotator/stages_instantiation[5].current_cordic_stage/Maddsub_Z_lut<0>)
     MUXCY:S->O            1   0.464   0.000  x_rotator/stages_instantiation[5].current_cordic_stage/Maddsub_Z_cy<0> (x_rotator/stages_instantiation[5].current_cordic_stage/Maddsub_Z_cy<0>)
     MUXCY:CI->O           1   0.059   0.000  x_rotator/stages_instantiation[5].current_cordic_stage/Maddsub_Z_cy<1> (x_rotator/stages_instantiation[5].current_cordic_stage/Maddsub_Z_cy<1>)
     MUXCY:CI->O           1   0.059   0.000  x_rotator/stages_instantiation[5].current_cordic_stage/Maddsub_Z_cy<2> (x_rotator/stages_instantiation[5].current_cordic_stage/Maddsub_Z_cy<2>)
     MUXCY:CI->O           1   0.059   0.000  x_rotator/stages_instantiation[5].current_cordic_stage/Maddsub_Z_cy<3> (x_rotator/stages_instantiation[5].current_cordic_stage/Maddsub_Z_cy<3>)
     MUXCY:CI->O           1   0.059   0.000  x_rotator/stages_instantiation[5].current_cordic_stage/Maddsub_Z_cy<4> (x_rotator/stages_instantiation[5].current_cordic_stage/Maddsub_Z_cy<4>)
     MUXCY:CI->O           1   0.059   0.000  x_rotator/stages_instantiation[5].current_cordic_stage/Maddsub_Z_cy<5> (x_rotator/stages_instantiation[5].current_cordic_stage/Maddsub_Z_cy<5>)
     MUXCY:CI->O           1   0.059   0.000  x_rotator/stages_instantiation[5].current_cordic_stage/Maddsub_Z_cy<6> (x_rotator/stages_instantiation[5].current_cordic_stage/Maddsub_Z_cy<6>)
     MUXCY:CI->O           1   0.059   0.000  x_rotator/stages_instantiation[5].current_cordic_stage/Maddsub_Z_cy<7> (x_rotator/stages_instantiation[5].current_cordic_stage/Maddsub_Z_cy<7>)
     MUXCY:CI->O           1   0.059   0.000  x_rotator/stages_instantiation[5].current_cordic_stage/Maddsub_Z_cy<8> (x_rotator/stages_instantiation[5].current_cordic_stage/Maddsub_Z_cy<8>)
     MUXCY:CI->O           1   0.059   0.000  x_rotator/stages_instantiation[5].current_cordic_stage/Maddsub_Z_cy<9> (x_rotator/stages_instantiation[5].current_cordic_stage/Maddsub_Z_cy<9>)
     MUXCY:CI->O           1   0.059   0.000  x_rotator/stages_instantiation[5].current_cordic_stage/Maddsub_Z_cy<10> (x_rotator/stages_instantiation[5].current_cordic_stage/Maddsub_Z_cy<10>)
     MUXCY:CI->O           1   0.059   0.000  x_rotator/stages_instantiation[5].current_cordic_stage/Maddsub_Z_cy<11> (x_rotator/stages_instantiation[5].current_cordic_stage/Maddsub_Z_cy<11>)
     MUXCY:CI->O           1   0.059   0.000  x_rotator/stages_instantiation[5].current_cordic_stage/Maddsub_Z_cy<12> (x_rotator/stages_instantiation[5].current_cordic_stage/Maddsub_Z_cy<12>)
     MUXCY:CI->O           1   0.059   0.000  x_rotator/stages_instantiation[5].current_cordic_stage/Maddsub_Z_cy<13> (x_rotator/stages_instantiation[5].current_cordic_stage/Maddsub_Z_cy<13>)
     MUXCY:CI->O           1   0.059   0.000  x_rotator/stages_instantiation[5].current_cordic_stage/Maddsub_Z_cy<14> (x_rotator/stages_instantiation[5].current_cordic_stage/Maddsub_Z_cy<14>)
     MUXCY:CI->O           1   0.059   0.000  x_rotator/stages_instantiation[5].current_cordic_stage/Maddsub_Z_cy<15> (x_rotator/stages_instantiation[5].current_cordic_stage/Maddsub_Z_cy<15>)
     MUXCY:CI->O           1   0.059   0.000  x_rotator/stages_instantiation[5].current_cordic_stage/Maddsub_Z_cy<16> (x_rotator/stages_instantiation[5].current_cordic_stage/Maddsub_Z_cy<16>)
     MUXCY:CI->O           1   0.059   0.000  x_rotator/stages_instantiation[5].current_cordic_stage/Maddsub_Z_cy<17> (x_rotator/stages_instantiation[5].current_cordic_stage/Maddsub_Z_cy<17>)
     MUXCY:CI->O           1   0.059   0.000  x_rotator/stages_instantiation[5].current_cordic_stage/Maddsub_Z_cy<18> (x_rotator/stages_instantiation[5].current_cordic_stage/Maddsub_Z_cy<18>)
     MUXCY:CI->O           1   0.059   0.000  x_rotator/stages_instantiation[5].current_cordic_stage/Maddsub_Z_cy<19> (x_rotator/stages_instantiation[5].current_cordic_stage/Maddsub_Z_cy<19>)
     MUXCY:CI->O           0   0.059   0.000  x_rotator/stages_instantiation[5].current_cordic_stage/Maddsub_Z_cy<20> (x_rotator/stages_instantiation[5].current_cordic_stage/Maddsub_Z_cy<20>)
     XORCY:CI->O          43   0.804   1.345  x_rotator/stages_instantiation[5].current_cordic_stage/Maddsub_Z_xor<21> (x_rotator/sZ_array<6><21>)
     LUT2:I1->O            1   0.704   0.000  x_rotator/stages_instantiation[6].current_cordic_stage/Maddsub_Z_lut<0> (x_rotator/stages_instantiation[6].current_cordic_stage/Maddsub_Z_lut<0>)
     MUXCY:S->O            1   0.464   0.000  x_rotator/stages_instantiation[6].current_cordic_stage/Maddsub_Z_cy<0> (x_rotator/stages_instantiation[6].current_cordic_stage/Maddsub_Z_cy<0>)
     MUXCY:CI->O           1   0.059   0.000  x_rotator/stages_instantiation[6].current_cordic_stage/Maddsub_Z_cy<1> (x_rotator/stages_instantiation[6].current_cordic_stage/Maddsub_Z_cy<1>)
     MUXCY:CI->O           1   0.059   0.000  x_rotator/stages_instantiation[6].current_cordic_stage/Maddsub_Z_cy<2> (x_rotator/stages_instantiation[6].current_cordic_stage/Maddsub_Z_cy<2>)
     MUXCY:CI->O           1   0.059   0.000  x_rotator/stages_instantiation[6].current_cordic_stage/Maddsub_Z_cy<3> (x_rotator/stages_instantiation[6].current_cordic_stage/Maddsub_Z_cy<3>)
     MUXCY:CI->O           1   0.059   0.000  x_rotator/stages_instantiation[6].current_cordic_stage/Maddsub_Z_cy<4> (x_rotator/stages_instantiation[6].current_cordic_stage/Maddsub_Z_cy<4>)
     MUXCY:CI->O           1   0.059   0.000  x_rotator/stages_instantiation[6].current_cordic_stage/Maddsub_Z_cy<5> (x_rotator/stages_instantiation[6].current_cordic_stage/Maddsub_Z_cy<5>)
     MUXCY:CI->O           1   0.059   0.000  x_rotator/stages_instantiation[6].current_cordic_stage/Maddsub_Z_cy<6> (x_rotator/stages_instantiation[6].current_cordic_stage/Maddsub_Z_cy<6>)
     MUXCY:CI->O           1   0.059   0.000  x_rotator/stages_instantiation[6].current_cordic_stage/Maddsub_Z_cy<7> (x_rotator/stages_instantiation[6].current_cordic_stage/Maddsub_Z_cy<7>)
     MUXCY:CI->O           1   0.059   0.000  x_rotator/stages_instantiation[6].current_cordic_stage/Maddsub_Z_cy<8> (x_rotator/stages_instantiation[6].current_cordic_stage/Maddsub_Z_cy<8>)
     MUXCY:CI->O           1   0.059   0.000  x_rotator/stages_instantiation[6].current_cordic_stage/Maddsub_Z_cy<9> (x_rotator/stages_instantiation[6].current_cordic_stage/Maddsub_Z_cy<9>)
     MUXCY:CI->O           1   0.059   0.000  x_rotator/stages_instantiation[6].current_cordic_stage/Maddsub_Z_cy<10> (x_rotator/stages_instantiation[6].current_cordic_stage/Maddsub_Z_cy<10>)
     MUXCY:CI->O           1   0.059   0.000  x_rotator/stages_instantiation[6].current_cordic_stage/Maddsub_Z_cy<11> (x_rotator/stages_instantiation[6].current_cordic_stage/Maddsub_Z_cy<11>)
     MUXCY:CI->O           1   0.059   0.000  x_rotator/stages_instantiation[6].current_cordic_stage/Maddsub_Z_cy<12> (x_rotator/stages_instantiation[6].current_cordic_stage/Maddsub_Z_cy<12>)
     MUXCY:CI->O           1   0.059   0.000  x_rotator/stages_instantiation[6].current_cordic_stage/Maddsub_Z_cy<13> (x_rotator/stages_instantiation[6].current_cordic_stage/Maddsub_Z_cy<13>)
     MUXCY:CI->O           1   0.059   0.000  x_rotator/stages_instantiation[6].current_cordic_stage/Maddsub_Z_cy<14> (x_rotator/stages_instantiation[6].current_cordic_stage/Maddsub_Z_cy<14>)
     MUXCY:CI->O           1   0.059   0.000  x_rotator/stages_instantiation[6].current_cordic_stage/Maddsub_Z_cy<15> (x_rotator/stages_instantiation[6].current_cordic_stage/Maddsub_Z_cy<15>)
     MUXCY:CI->O           1   0.059   0.000  x_rotator/stages_instantiation[6].current_cordic_stage/Maddsub_Z_cy<16> (x_rotator/stages_instantiation[6].current_cordic_stage/Maddsub_Z_cy<16>)
     MUXCY:CI->O           1   0.059   0.000  x_rotator/stages_instantiation[6].current_cordic_stage/Maddsub_Z_cy<17> (x_rotator/stages_instantiation[6].current_cordic_stage/Maddsub_Z_cy<17>)
     MUXCY:CI->O           1   0.059   0.000  x_rotator/stages_instantiation[6].current_cordic_stage/Maddsub_Z_cy<18> (x_rotator/stages_instantiation[6].current_cordic_stage/Maddsub_Z_cy<18>)
     MUXCY:CI->O           1   0.059   0.000  x_rotator/stages_instantiation[6].current_cordic_stage/Maddsub_Z_cy<19> (x_rotator/stages_instantiation[6].current_cordic_stage/Maddsub_Z_cy<19>)
     MUXCY:CI->O           0   0.059   0.000  x_rotator/stages_instantiation[6].current_cordic_stage/Maddsub_Z_cy<20> (x_rotator/stages_instantiation[6].current_cordic_stage/Maddsub_Z_cy<20>)
     XORCY:CI->O          43   0.804   1.345  x_rotator/stages_instantiation[6].current_cordic_stage/Maddsub_Z_xor<21> (x_rotator/sZ_array<7><21>)
     LUT2:I1->O            1   0.704   0.000  x_rotator/stages_instantiation[7].current_cordic_stage/Maddsub_Z_lut<0> (x_rotator/stages_instantiation[7].current_cordic_stage/Maddsub_Z_lut<0>)
     MUXCY:S->O            1   0.464   0.000  x_rotator/stages_instantiation[7].current_cordic_stage/Maddsub_Z_cy<0> (x_rotator/stages_instantiation[7].current_cordic_stage/Maddsub_Z_cy<0>)
     MUXCY:CI->O           1   0.059   0.000  x_rotator/stages_instantiation[7].current_cordic_stage/Maddsub_Z_cy<1> (x_rotator/stages_instantiation[7].current_cordic_stage/Maddsub_Z_cy<1>)
     MUXCY:CI->O           1   0.059   0.000  x_rotator/stages_instantiation[7].current_cordic_stage/Maddsub_Z_cy<2> (x_rotator/stages_instantiation[7].current_cordic_stage/Maddsub_Z_cy<2>)
     MUXCY:CI->O           1   0.059   0.000  x_rotator/stages_instantiation[7].current_cordic_stage/Maddsub_Z_cy<3> (x_rotator/stages_instantiation[7].current_cordic_stage/Maddsub_Z_cy<3>)
     MUXCY:CI->O           1   0.059   0.000  x_rotator/stages_instantiation[7].current_cordic_stage/Maddsub_Z_cy<4> (x_rotator/stages_instantiation[7].current_cordic_stage/Maddsub_Z_cy<4>)
     MUXCY:CI->O           1   0.059   0.000  x_rotator/stages_instantiation[7].current_cordic_stage/Maddsub_Z_cy<5> (x_rotator/stages_instantiation[7].current_cordic_stage/Maddsub_Z_cy<5>)
     MUXCY:CI->O           1   0.059   0.000  x_rotator/stages_instantiation[7].current_cordic_stage/Maddsub_Z_cy<6> (x_rotator/stages_instantiation[7].current_cordic_stage/Maddsub_Z_cy<6>)
     MUXCY:CI->O           1   0.059   0.000  x_rotator/stages_instantiation[7].current_cordic_stage/Maddsub_Z_cy<7> (x_rotator/stages_instantiation[7].current_cordic_stage/Maddsub_Z_cy<7>)
     MUXCY:CI->O           1   0.059   0.000  x_rotator/stages_instantiation[7].current_cordic_stage/Maddsub_Z_cy<8> (x_rotator/stages_instantiation[7].current_cordic_stage/Maddsub_Z_cy<8>)
     MUXCY:CI->O           1   0.059   0.000  x_rotator/stages_instantiation[7].current_cordic_stage/Maddsub_Z_cy<9> (x_rotator/stages_instantiation[7].current_cordic_stage/Maddsub_Z_cy<9>)
     MUXCY:CI->O           1   0.059   0.000  x_rotator/stages_instantiation[7].current_cordic_stage/Maddsub_Z_cy<10> (x_rotator/stages_instantiation[7].current_cordic_stage/Maddsub_Z_cy<10>)
     MUXCY:CI->O           1   0.059   0.000  x_rotator/stages_instantiation[7].current_cordic_stage/Maddsub_Z_cy<11> (x_rotator/stages_instantiation[7].current_cordic_stage/Maddsub_Z_cy<11>)
     MUXCY:CI->O           1   0.059   0.000  x_rotator/stages_instantiation[7].current_cordic_stage/Maddsub_Z_cy<12> (x_rotator/stages_instantiation[7].current_cordic_stage/Maddsub_Z_cy<12>)
     MUXCY:CI->O           1   0.059   0.000  x_rotator/stages_instantiation[7].current_cordic_stage/Maddsub_Z_cy<13> (x_rotator/stages_instantiation[7].current_cordic_stage/Maddsub_Z_cy<13>)
     MUXCY:CI->O           1   0.059   0.000  x_rotator/stages_instantiation[7].current_cordic_stage/Maddsub_Z_cy<14> (x_rotator/stages_instantiation[7].current_cordic_stage/Maddsub_Z_cy<14>)
     MUXCY:CI->O           1   0.059   0.000  x_rotator/stages_instantiation[7].current_cordic_stage/Maddsub_Z_cy<15> (x_rotator/stages_instantiation[7].current_cordic_stage/Maddsub_Z_cy<15>)
     MUXCY:CI->O           1   0.059   0.000  x_rotator/stages_instantiation[7].current_cordic_stage/Maddsub_Z_cy<16> (x_rotator/stages_instantiation[7].current_cordic_stage/Maddsub_Z_cy<16>)
     MUXCY:CI->O           1   0.059   0.000  x_rotator/stages_instantiation[7].current_cordic_stage/Maddsub_Z_cy<17> (x_rotator/stages_instantiation[7].current_cordic_stage/Maddsub_Z_cy<17>)
     MUXCY:CI->O           1   0.059   0.000  x_rotator/stages_instantiation[7].current_cordic_stage/Maddsub_Z_cy<18> (x_rotator/stages_instantiation[7].current_cordic_stage/Maddsub_Z_cy<18>)
     MUXCY:CI->O           1   0.059   0.000  x_rotator/stages_instantiation[7].current_cordic_stage/Maddsub_Z_cy<19> (x_rotator/stages_instantiation[7].current_cordic_stage/Maddsub_Z_cy<19>)
     MUXCY:CI->O           0   0.059   0.000  x_rotator/stages_instantiation[7].current_cordic_stage/Maddsub_Z_cy<20> (x_rotator/stages_instantiation[7].current_cordic_stage/Maddsub_Z_cy<20>)
     XORCY:CI->O          43   0.804   1.345  x_rotator/stages_instantiation[7].current_cordic_stage/Maddsub_Z_xor<21> (x_rotator/sZ_array<8><21>)
     LUT2:I1->O            1   0.704   0.000  x_rotator/stages_instantiation[8].current_cordic_stage/Maddsub_Z_lut<0> (x_rotator/stages_instantiation[8].current_cordic_stage/Maddsub_Z_lut<0>)
     MUXCY:S->O            1   0.464   0.000  x_rotator/stages_instantiation[8].current_cordic_stage/Maddsub_Z_cy<0> (x_rotator/stages_instantiation[8].current_cordic_stage/Maddsub_Z_cy<0>)
     MUXCY:CI->O           1   0.059   0.000  x_rotator/stages_instantiation[8].current_cordic_stage/Maddsub_Z_cy<1> (x_rotator/stages_instantiation[8].current_cordic_stage/Maddsub_Z_cy<1>)
     MUXCY:CI->O           1   0.059   0.000  x_rotator/stages_instantiation[8].current_cordic_stage/Maddsub_Z_cy<2> (x_rotator/stages_instantiation[8].current_cordic_stage/Maddsub_Z_cy<2>)
     MUXCY:CI->O           1   0.059   0.000  x_rotator/stages_instantiation[8].current_cordic_stage/Maddsub_Z_cy<3> (x_rotator/stages_instantiation[8].current_cordic_stage/Maddsub_Z_cy<3>)
     MUXCY:CI->O           1   0.059   0.000  x_rotator/stages_instantiation[8].current_cordic_stage/Maddsub_Z_cy<4> (x_rotator/stages_instantiation[8].current_cordic_stage/Maddsub_Z_cy<4>)
     MUXCY:CI->O           1   0.059   0.000  x_rotator/stages_instantiation[8].current_cordic_stage/Maddsub_Z_cy<5> (x_rotator/stages_instantiation[8].current_cordic_stage/Maddsub_Z_cy<5>)
     MUXCY:CI->O           1   0.059   0.000  x_rotator/stages_instantiation[8].current_cordic_stage/Maddsub_Z_cy<6> (x_rotator/stages_instantiation[8].current_cordic_stage/Maddsub_Z_cy<6>)
     MUXCY:CI->O           1   0.059   0.000  x_rotator/stages_instantiation[8].current_cordic_stage/Maddsub_Z_cy<7> (x_rotator/stages_instantiation[8].current_cordic_stage/Maddsub_Z_cy<7>)
     MUXCY:CI->O           1   0.059   0.000  x_rotator/stages_instantiation[8].current_cordic_stage/Maddsub_Z_cy<8> (x_rotator/stages_instantiation[8].current_cordic_stage/Maddsub_Z_cy<8>)
     MUXCY:CI->O           1   0.059   0.000  x_rotator/stages_instantiation[8].current_cordic_stage/Maddsub_Z_cy<9> (x_rotator/stages_instantiation[8].current_cordic_stage/Maddsub_Z_cy<9>)
     MUXCY:CI->O           1   0.059   0.000  x_rotator/stages_instantiation[8].current_cordic_stage/Maddsub_Z_cy<10> (x_rotator/stages_instantiation[8].current_cordic_stage/Maddsub_Z_cy<10>)
     MUXCY:CI->O           1   0.059   0.000  x_rotator/stages_instantiation[8].current_cordic_stage/Maddsub_Z_cy<11> (x_rotator/stages_instantiation[8].current_cordic_stage/Maddsub_Z_cy<11>)
     MUXCY:CI->O           1   0.059   0.000  x_rotator/stages_instantiation[8].current_cordic_stage/Maddsub_Z_cy<12> (x_rotator/stages_instantiation[8].current_cordic_stage/Maddsub_Z_cy<12>)
     MUXCY:CI->O           1   0.059   0.000  x_rotator/stages_instantiation[8].current_cordic_stage/Maddsub_Z_cy<13> (x_rotator/stages_instantiation[8].current_cordic_stage/Maddsub_Z_cy<13>)
     MUXCY:CI->O           1   0.059   0.000  x_rotator/stages_instantiation[8].current_cordic_stage/Maddsub_Z_cy<14> (x_rotator/stages_instantiation[8].current_cordic_stage/Maddsub_Z_cy<14>)
     MUXCY:CI->O           1   0.059   0.000  x_rotator/stages_instantiation[8].current_cordic_stage/Maddsub_Z_cy<15> (x_rotator/stages_instantiation[8].current_cordic_stage/Maddsub_Z_cy<15>)
     MUXCY:CI->O           1   0.059   0.000  x_rotator/stages_instantiation[8].current_cordic_stage/Maddsub_Z_cy<16> (x_rotator/stages_instantiation[8].current_cordic_stage/Maddsub_Z_cy<16>)
     MUXCY:CI->O           1   0.059   0.000  x_rotator/stages_instantiation[8].current_cordic_stage/Maddsub_Z_cy<17> (x_rotator/stages_instantiation[8].current_cordic_stage/Maddsub_Z_cy<17>)
     MUXCY:CI->O           1   0.059   0.000  x_rotator/stages_instantiation[8].current_cordic_stage/Maddsub_Z_cy<18> (x_rotator/stages_instantiation[8].current_cordic_stage/Maddsub_Z_cy<18>)
     MUXCY:CI->O           1   0.059   0.000  x_rotator/stages_instantiation[8].current_cordic_stage/Maddsub_Z_cy<19> (x_rotator/stages_instantiation[8].current_cordic_stage/Maddsub_Z_cy<19>)
     MUXCY:CI->O           0   0.059   0.000  x_rotator/stages_instantiation[8].current_cordic_stage/Maddsub_Z_cy<20> (x_rotator/stages_instantiation[8].current_cordic_stage/Maddsub_Z_cy<20>)
     XORCY:CI->O          43   0.804   1.345  x_rotator/stages_instantiation[8].current_cordic_stage/Maddsub_Z_xor<21> (x_rotator/sZ_array<9><21>)
     LUT2:I1->O            1   0.704   0.000  x_rotator/stages_instantiation[9].current_cordic_stage/Maddsub_Z_lut<0> (x_rotator/stages_instantiation[9].current_cordic_stage/Maddsub_Z_lut<0>)
     MUXCY:S->O            1   0.464   0.000  x_rotator/stages_instantiation[9].current_cordic_stage/Maddsub_Z_cy<0> (x_rotator/stages_instantiation[9].current_cordic_stage/Maddsub_Z_cy<0>)
     MUXCY:CI->O           1   0.059   0.000  x_rotator/stages_instantiation[9].current_cordic_stage/Maddsub_Z_cy<1> (x_rotator/stages_instantiation[9].current_cordic_stage/Maddsub_Z_cy<1>)
     MUXCY:CI->O           1   0.059   0.000  x_rotator/stages_instantiation[9].current_cordic_stage/Maddsub_Z_cy<2> (x_rotator/stages_instantiation[9].current_cordic_stage/Maddsub_Z_cy<2>)
     MUXCY:CI->O           1   0.059   0.000  x_rotator/stages_instantiation[9].current_cordic_stage/Maddsub_Z_cy<3> (x_rotator/stages_instantiation[9].current_cordic_stage/Maddsub_Z_cy<3>)
     MUXCY:CI->O           1   0.059   0.000  x_rotator/stages_instantiation[9].current_cordic_stage/Maddsub_Z_cy<4> (x_rotator/stages_instantiation[9].current_cordic_stage/Maddsub_Z_cy<4>)
     MUXCY:CI->O           1   0.059   0.000  x_rotator/stages_instantiation[9].current_cordic_stage/Maddsub_Z_cy<5> (x_rotator/stages_instantiation[9].current_cordic_stage/Maddsub_Z_cy<5>)
     MUXCY:CI->O           1   0.059   0.000  x_rotator/stages_instantiation[9].current_cordic_stage/Maddsub_Z_cy<6> (x_rotator/stages_instantiation[9].current_cordic_stage/Maddsub_Z_cy<6>)
     MUXCY:CI->O           1   0.059   0.000  x_rotator/stages_instantiation[9].current_cordic_stage/Maddsub_Z_cy<7> (x_rotator/stages_instantiation[9].current_cordic_stage/Maddsub_Z_cy<7>)
     MUXCY:CI->O           1   0.059   0.000  x_rotator/stages_instantiation[9].current_cordic_stage/Maddsub_Z_cy<8> (x_rotator/stages_instantiation[9].current_cordic_stage/Maddsub_Z_cy<8>)
     MUXCY:CI->O           1   0.059   0.000  x_rotator/stages_instantiation[9].current_cordic_stage/Maddsub_Z_cy<9> (x_rotator/stages_instantiation[9].current_cordic_stage/Maddsub_Z_cy<9>)
     MUXCY:CI->O           1   0.059   0.000  x_rotator/stages_instantiation[9].current_cordic_stage/Maddsub_Z_cy<10> (x_rotator/stages_instantiation[9].current_cordic_stage/Maddsub_Z_cy<10>)
     MUXCY:CI->O           1   0.059   0.000  x_rotator/stages_instantiation[9].current_cordic_stage/Maddsub_Z_cy<11> (x_rotator/stages_instantiation[9].current_cordic_stage/Maddsub_Z_cy<11>)
     MUXCY:CI->O           1   0.059   0.000  x_rotator/stages_instantiation[9].current_cordic_stage/Maddsub_Z_cy<12> (x_rotator/stages_instantiation[9].current_cordic_stage/Maddsub_Z_cy<12>)
     MUXCY:CI->O           1   0.059   0.000  x_rotator/stages_instantiation[9].current_cordic_stage/Maddsub_Z_cy<13> (x_rotator/stages_instantiation[9].current_cordic_stage/Maddsub_Z_cy<13>)
     MUXCY:CI->O           1   0.059   0.000  x_rotator/stages_instantiation[9].current_cordic_stage/Maddsub_Z_cy<14> (x_rotator/stages_instantiation[9].current_cordic_stage/Maddsub_Z_cy<14>)
     MUXCY:CI->O           1   0.059   0.000  x_rotator/stages_instantiation[9].current_cordic_stage/Maddsub_Z_cy<15> (x_rotator/stages_instantiation[9].current_cordic_stage/Maddsub_Z_cy<15>)
     MUXCY:CI->O           1   0.059   0.000  x_rotator/stages_instantiation[9].current_cordic_stage/Maddsub_Z_cy<16> (x_rotator/stages_instantiation[9].current_cordic_stage/Maddsub_Z_cy<16>)
     MUXCY:CI->O           1   0.059   0.000  x_rotator/stages_instantiation[9].current_cordic_stage/Maddsub_Z_cy<17> (x_rotator/stages_instantiation[9].current_cordic_stage/Maddsub_Z_cy<17>)
     MUXCY:CI->O           1   0.059   0.000  x_rotator/stages_instantiation[9].current_cordic_stage/Maddsub_Z_cy<18> (x_rotator/stages_instantiation[9].current_cordic_stage/Maddsub_Z_cy<18>)
     MUXCY:CI->O           1   0.059   0.000  x_rotator/stages_instantiation[9].current_cordic_stage/Maddsub_Z_cy<19> (x_rotator/stages_instantiation[9].current_cordic_stage/Maddsub_Z_cy<19>)
     MUXCY:CI->O           0   0.059   0.000  x_rotator/stages_instantiation[9].current_cordic_stage/Maddsub_Z_cy<20> (x_rotator/stages_instantiation[9].current_cordic_stage/Maddsub_Z_cy<20>)
     XORCY:CI->O          43   0.804   1.345  x_rotator/stages_instantiation[9].current_cordic_stage/Maddsub_Z_xor<21> (x_rotator/sZ_array<10><21>)
     LUT2:I1->O            1   0.704   0.000  x_rotator/stages_instantiation[10].current_cordic_stage/Maddsub_Z_lut<0> (x_rotator/stages_instantiation[10].current_cordic_stage/Maddsub_Z_lut<0>)
     MUXCY:S->O            1   0.464   0.000  x_rotator/stages_instantiation[10].current_cordic_stage/Maddsub_Z_cy<0> (x_rotator/stages_instantiation[10].current_cordic_stage/Maddsub_Z_cy<0>)
     MUXCY:CI->O           1   0.059   0.000  x_rotator/stages_instantiation[10].current_cordic_stage/Maddsub_Z_cy<1> (x_rotator/stages_instantiation[10].current_cordic_stage/Maddsub_Z_cy<1>)
     MUXCY:CI->O           1   0.059   0.000  x_rotator/stages_instantiation[10].current_cordic_stage/Maddsub_Z_cy<2> (x_rotator/stages_instantiation[10].current_cordic_stage/Maddsub_Z_cy<2>)
     MUXCY:CI->O           1   0.059   0.000  x_rotator/stages_instantiation[10].current_cordic_stage/Maddsub_Z_cy<3> (x_rotator/stages_instantiation[10].current_cordic_stage/Maddsub_Z_cy<3>)
     MUXCY:CI->O           1   0.059   0.000  x_rotator/stages_instantiation[10].current_cordic_stage/Maddsub_Z_cy<4> (x_rotator/stages_instantiation[10].current_cordic_stage/Maddsub_Z_cy<4>)
     MUXCY:CI->O           1   0.059   0.000  x_rotator/stages_instantiation[10].current_cordic_stage/Maddsub_Z_cy<5> (x_rotator/stages_instantiation[10].current_cordic_stage/Maddsub_Z_cy<5>)
     MUXCY:CI->O           1   0.059   0.000  x_rotator/stages_instantiation[10].current_cordic_stage/Maddsub_Z_cy<6> (x_rotator/stages_instantiation[10].current_cordic_stage/Maddsub_Z_cy<6>)
     MUXCY:CI->O           1   0.059   0.000  x_rotator/stages_instantiation[10].current_cordic_stage/Maddsub_Z_cy<7> (x_rotator/stages_instantiation[10].current_cordic_stage/Maddsub_Z_cy<7>)
     MUXCY:CI->O           1   0.059   0.000  x_rotator/stages_instantiation[10].current_cordic_stage/Maddsub_Z_cy<8> (x_rotator/stages_instantiation[10].current_cordic_stage/Maddsub_Z_cy<8>)
     MUXCY:CI->O           1   0.059   0.000  x_rotator/stages_instantiation[10].current_cordic_stage/Maddsub_Z_cy<9> (x_rotator/stages_instantiation[10].current_cordic_stage/Maddsub_Z_cy<9>)
     MUXCY:CI->O           1   0.059   0.000  x_rotator/stages_instantiation[10].current_cordic_stage/Maddsub_Z_cy<10> (x_rotator/stages_instantiation[10].current_cordic_stage/Maddsub_Z_cy<10>)
     MUXCY:CI->O           1   0.059   0.000  x_rotator/stages_instantiation[10].current_cordic_stage/Maddsub_Z_cy<11> (x_rotator/stages_instantiation[10].current_cordic_stage/Maddsub_Z_cy<11>)
     MUXCY:CI->O           1   0.059   0.000  x_rotator/stages_instantiation[10].current_cordic_stage/Maddsub_Z_cy<12> (x_rotator/stages_instantiation[10].current_cordic_stage/Maddsub_Z_cy<12>)
     MUXCY:CI->O           1   0.059   0.000  x_rotator/stages_instantiation[10].current_cordic_stage/Maddsub_Z_cy<13> (x_rotator/stages_instantiation[10].current_cordic_stage/Maddsub_Z_cy<13>)
     MUXCY:CI->O           1   0.059   0.000  x_rotator/stages_instantiation[10].current_cordic_stage/Maddsub_Z_cy<14> (x_rotator/stages_instantiation[10].current_cordic_stage/Maddsub_Z_cy<14>)
     MUXCY:CI->O           1   0.059   0.000  x_rotator/stages_instantiation[10].current_cordic_stage/Maddsub_Z_cy<15> (x_rotator/stages_instantiation[10].current_cordic_stage/Maddsub_Z_cy<15>)
     MUXCY:CI->O           1   0.059   0.000  x_rotator/stages_instantiation[10].current_cordic_stage/Maddsub_Z_cy<16> (x_rotator/stages_instantiation[10].current_cordic_stage/Maddsub_Z_cy<16>)
     MUXCY:CI->O           1   0.059   0.000  x_rotator/stages_instantiation[10].current_cordic_stage/Maddsub_Z_cy<17> (x_rotator/stages_instantiation[10].current_cordic_stage/Maddsub_Z_cy<17>)
     MUXCY:CI->O           1   0.059   0.000  x_rotator/stages_instantiation[10].current_cordic_stage/Maddsub_Z_cy<18> (x_rotator/stages_instantiation[10].current_cordic_stage/Maddsub_Z_cy<18>)
     MUXCY:CI->O           1   0.059   0.000  x_rotator/stages_instantiation[10].current_cordic_stage/Maddsub_Z_cy<19> (x_rotator/stages_instantiation[10].current_cordic_stage/Maddsub_Z_cy<19>)
     MUXCY:CI->O           0   0.059   0.000  x_rotator/stages_instantiation[10].current_cordic_stage/Maddsub_Z_cy<20> (x_rotator/stages_instantiation[10].current_cordic_stage/Maddsub_Z_cy<20>)
     XORCY:CI->O          43   0.804   1.345  x_rotator/stages_instantiation[10].current_cordic_stage/Maddsub_Z_xor<21> (x_rotator/sZ_array<11><21>)
     LUT2:I1->O            1   0.704   0.000  x_rotator/stages_instantiation[11].current_cordic_stage/Maddsub_Z_lut<0> (x_rotator/stages_instantiation[11].current_cordic_stage/Maddsub_Z_lut<0>)
     MUXCY:S->O            1   0.464   0.000  x_rotator/stages_instantiation[11].current_cordic_stage/Maddsub_Z_cy<0> (x_rotator/stages_instantiation[11].current_cordic_stage/Maddsub_Z_cy<0>)
     MUXCY:CI->O           1   0.059   0.000  x_rotator/stages_instantiation[11].current_cordic_stage/Maddsub_Z_cy<1> (x_rotator/stages_instantiation[11].current_cordic_stage/Maddsub_Z_cy<1>)
     MUXCY:CI->O           1   0.059   0.000  x_rotator/stages_instantiation[11].current_cordic_stage/Maddsub_Z_cy<2> (x_rotator/stages_instantiation[11].current_cordic_stage/Maddsub_Z_cy<2>)
     MUXCY:CI->O           1   0.059   0.000  x_rotator/stages_instantiation[11].current_cordic_stage/Maddsub_Z_cy<3> (x_rotator/stages_instantiation[11].current_cordic_stage/Maddsub_Z_cy<3>)
     MUXCY:CI->O           1   0.059   0.000  x_rotator/stages_instantiation[11].current_cordic_stage/Maddsub_Z_cy<4> (x_rotator/stages_instantiation[11].current_cordic_stage/Maddsub_Z_cy<4>)
     MUXCY:CI->O           1   0.059   0.000  x_rotator/stages_instantiation[11].current_cordic_stage/Maddsub_Z_cy<5> (x_rotator/stages_instantiation[11].current_cordic_stage/Maddsub_Z_cy<5>)
     MUXCY:CI->O           1   0.059   0.000  x_rotator/stages_instantiation[11].current_cordic_stage/Maddsub_Z_cy<6> (x_rotator/stages_instantiation[11].current_cordic_stage/Maddsub_Z_cy<6>)
     MUXCY:CI->O           1   0.059   0.000  x_rotator/stages_instantiation[11].current_cordic_stage/Maddsub_Z_cy<7> (x_rotator/stages_instantiation[11].current_cordic_stage/Maddsub_Z_cy<7>)
     MUXCY:CI->O           1   0.059   0.000  x_rotator/stages_instantiation[11].current_cordic_stage/Maddsub_Z_cy<8> (x_rotator/stages_instantiation[11].current_cordic_stage/Maddsub_Z_cy<8>)
     MUXCY:CI->O           1   0.059   0.000  x_rotator/stages_instantiation[11].current_cordic_stage/Maddsub_Z_cy<9> (x_rotator/stages_instantiation[11].current_cordic_stage/Maddsub_Z_cy<9>)
     MUXCY:CI->O           1   0.059   0.000  x_rotator/stages_instantiation[11].current_cordic_stage/Maddsub_Z_cy<10> (x_rotator/stages_instantiation[11].current_cordic_stage/Maddsub_Z_cy<10>)
     MUXCY:CI->O           1   0.059   0.000  x_rotator/stages_instantiation[11].current_cordic_stage/Maddsub_Z_cy<11> (x_rotator/stages_instantiation[11].current_cordic_stage/Maddsub_Z_cy<11>)
     MUXCY:CI->O           1   0.059   0.000  x_rotator/stages_instantiation[11].current_cordic_stage/Maddsub_Z_cy<12> (x_rotator/stages_instantiation[11].current_cordic_stage/Maddsub_Z_cy<12>)
     MUXCY:CI->O           1   0.059   0.000  x_rotator/stages_instantiation[11].current_cordic_stage/Maddsub_Z_cy<13> (x_rotator/stages_instantiation[11].current_cordic_stage/Maddsub_Z_cy<13>)
     MUXCY:CI->O           1   0.059   0.000  x_rotator/stages_instantiation[11].current_cordic_stage/Maddsub_Z_cy<14> (x_rotator/stages_instantiation[11].current_cordic_stage/Maddsub_Z_cy<14>)
     MUXCY:CI->O           1   0.059   0.000  x_rotator/stages_instantiation[11].current_cordic_stage/Maddsub_Z_cy<15> (x_rotator/stages_instantiation[11].current_cordic_stage/Maddsub_Z_cy<15>)
     MUXCY:CI->O           1   0.059   0.000  x_rotator/stages_instantiation[11].current_cordic_stage/Maddsub_Z_cy<16> (x_rotator/stages_instantiation[11].current_cordic_stage/Maddsub_Z_cy<16>)
     MUXCY:CI->O           1   0.059   0.000  x_rotator/stages_instantiation[11].current_cordic_stage/Maddsub_Z_cy<17> (x_rotator/stages_instantiation[11].current_cordic_stage/Maddsub_Z_cy<17>)
     MUXCY:CI->O           1   0.059   0.000  x_rotator/stages_instantiation[11].current_cordic_stage/Maddsub_Z_cy<18> (x_rotator/stages_instantiation[11].current_cordic_stage/Maddsub_Z_cy<18>)
     MUXCY:CI->O           1   0.059   0.000  x_rotator/stages_instantiation[11].current_cordic_stage/Maddsub_Z_cy<19> (x_rotator/stages_instantiation[11].current_cordic_stage/Maddsub_Z_cy<19>)
     MUXCY:CI->O           0   0.059   0.000  x_rotator/stages_instantiation[11].current_cordic_stage/Maddsub_Z_cy<20> (x_rotator/stages_instantiation[11].current_cordic_stage/Maddsub_Z_cy<20>)
     XORCY:CI->O          43   0.804   1.345  x_rotator/stages_instantiation[11].current_cordic_stage/Maddsub_Z_xor<21> (x_rotator/sZ_array<12><21>)
     LUT2:I1->O            1   0.704   0.000  x_rotator/stages_instantiation[12].current_cordic_stage/Maddsub_Z_lut<0> (x_rotator/stages_instantiation[12].current_cordic_stage/Maddsub_Z_lut<0>)
     MUXCY:S->O            1   0.464   0.000  x_rotator/stages_instantiation[12].current_cordic_stage/Maddsub_Z_cy<0> (x_rotator/stages_instantiation[12].current_cordic_stage/Maddsub_Z_cy<0>)
     MUXCY:CI->O           1   0.059   0.000  x_rotator/stages_instantiation[12].current_cordic_stage/Maddsub_Z_cy<1> (x_rotator/stages_instantiation[12].current_cordic_stage/Maddsub_Z_cy<1>)
     MUXCY:CI->O           1   0.059   0.000  x_rotator/stages_instantiation[12].current_cordic_stage/Maddsub_Z_cy<2> (x_rotator/stages_instantiation[12].current_cordic_stage/Maddsub_Z_cy<2>)
     MUXCY:CI->O           1   0.059   0.000  x_rotator/stages_instantiation[12].current_cordic_stage/Maddsub_Z_cy<3> (x_rotator/stages_instantiation[12].current_cordic_stage/Maddsub_Z_cy<3>)
     MUXCY:CI->O           1   0.059   0.000  x_rotator/stages_instantiation[12].current_cordic_stage/Maddsub_Z_cy<4> (x_rotator/stages_instantiation[12].current_cordic_stage/Maddsub_Z_cy<4>)
     MUXCY:CI->O           1   0.059   0.000  x_rotator/stages_instantiation[12].current_cordic_stage/Maddsub_Z_cy<5> (x_rotator/stages_instantiation[12].current_cordic_stage/Maddsub_Z_cy<5>)
     MUXCY:CI->O           1   0.059   0.000  x_rotator/stages_instantiation[12].current_cordic_stage/Maddsub_Z_cy<6> (x_rotator/stages_instantiation[12].current_cordic_stage/Maddsub_Z_cy<6>)
     MUXCY:CI->O           1   0.059   0.000  x_rotator/stages_instantiation[12].current_cordic_stage/Maddsub_Z_cy<7> (x_rotator/stages_instantiation[12].current_cordic_stage/Maddsub_Z_cy<7>)
     MUXCY:CI->O           1   0.059   0.000  x_rotator/stages_instantiation[12].current_cordic_stage/Maddsub_Z_cy<8> (x_rotator/stages_instantiation[12].current_cordic_stage/Maddsub_Z_cy<8>)
     MUXCY:CI->O           1   0.059   0.000  x_rotator/stages_instantiation[12].current_cordic_stage/Maddsub_Z_cy<9> (x_rotator/stages_instantiation[12].current_cordic_stage/Maddsub_Z_cy<9>)
     MUXCY:CI->O           1   0.059   0.000  x_rotator/stages_instantiation[12].current_cordic_stage/Maddsub_Z_cy<10> (x_rotator/stages_instantiation[12].current_cordic_stage/Maddsub_Z_cy<10>)
     MUXCY:CI->O           1   0.059   0.000  x_rotator/stages_instantiation[12].current_cordic_stage/Maddsub_Z_cy<11> (x_rotator/stages_instantiation[12].current_cordic_stage/Maddsub_Z_cy<11>)
     MUXCY:CI->O           1   0.059   0.000  x_rotator/stages_instantiation[12].current_cordic_stage/Maddsub_Z_cy<12> (x_rotator/stages_instantiation[12].current_cordic_stage/Maddsub_Z_cy<12>)
     MUXCY:CI->O           1   0.059   0.000  x_rotator/stages_instantiation[12].current_cordic_stage/Maddsub_Z_cy<13> (x_rotator/stages_instantiation[12].current_cordic_stage/Maddsub_Z_cy<13>)
     MUXCY:CI->O           1   0.059   0.000  x_rotator/stages_instantiation[12].current_cordic_stage/Maddsub_Z_cy<14> (x_rotator/stages_instantiation[12].current_cordic_stage/Maddsub_Z_cy<14>)
     MUXCY:CI->O           1   0.059   0.000  x_rotator/stages_instantiation[12].current_cordic_stage/Maddsub_Z_cy<15> (x_rotator/stages_instantiation[12].current_cordic_stage/Maddsub_Z_cy<15>)
     MUXCY:CI->O           1   0.059   0.000  x_rotator/stages_instantiation[12].current_cordic_stage/Maddsub_Z_cy<16> (x_rotator/stages_instantiation[12].current_cordic_stage/Maddsub_Z_cy<16>)
     MUXCY:CI->O           1   0.059   0.000  x_rotator/stages_instantiation[12].current_cordic_stage/Maddsub_Z_cy<17> (x_rotator/stages_instantiation[12].current_cordic_stage/Maddsub_Z_cy<17>)
     MUXCY:CI->O           1   0.059   0.000  x_rotator/stages_instantiation[12].current_cordic_stage/Maddsub_Z_cy<18> (x_rotator/stages_instantiation[12].current_cordic_stage/Maddsub_Z_cy<18>)
     MUXCY:CI->O           1   0.059   0.000  x_rotator/stages_instantiation[12].current_cordic_stage/Maddsub_Z_cy<19> (x_rotator/stages_instantiation[12].current_cordic_stage/Maddsub_Z_cy<19>)
     MUXCY:CI->O           0   0.059   0.000  x_rotator/stages_instantiation[12].current_cordic_stage/Maddsub_Z_cy<20> (x_rotator/stages_instantiation[12].current_cordic_stage/Maddsub_Z_cy<20>)
     XORCY:CI->O          43   0.804   1.345  x_rotator/stages_instantiation[12].current_cordic_stage/Maddsub_Z_xor<21> (x_rotator/sZ_array<13><21>)
     LUT2:I1->O            1   0.704   0.000  x_rotator/stages_instantiation[13].current_cordic_stage/Maddsub_Z_lut<0> (x_rotator/stages_instantiation[13].current_cordic_stage/Maddsub_Z_lut<0>)
     MUXCY:S->O            1   0.464   0.000  x_rotator/stages_instantiation[13].current_cordic_stage/Maddsub_Z_cy<0> (x_rotator/stages_instantiation[13].current_cordic_stage/Maddsub_Z_cy<0>)
     MUXCY:CI->O           1   0.059   0.000  x_rotator/stages_instantiation[13].current_cordic_stage/Maddsub_Z_cy<1> (x_rotator/stages_instantiation[13].current_cordic_stage/Maddsub_Z_cy<1>)
     MUXCY:CI->O           1   0.059   0.000  x_rotator/stages_instantiation[13].current_cordic_stage/Maddsub_Z_cy<2> (x_rotator/stages_instantiation[13].current_cordic_stage/Maddsub_Z_cy<2>)
     MUXCY:CI->O           1   0.059   0.000  x_rotator/stages_instantiation[13].current_cordic_stage/Maddsub_Z_cy<3> (x_rotator/stages_instantiation[13].current_cordic_stage/Maddsub_Z_cy<3>)
     MUXCY:CI->O           1   0.059   0.000  x_rotator/stages_instantiation[13].current_cordic_stage/Maddsub_Z_cy<4> (x_rotator/stages_instantiation[13].current_cordic_stage/Maddsub_Z_cy<4>)
     MUXCY:CI->O           1   0.059   0.000  x_rotator/stages_instantiation[13].current_cordic_stage/Maddsub_Z_cy<5> (x_rotator/stages_instantiation[13].current_cordic_stage/Maddsub_Z_cy<5>)
     MUXCY:CI->O           1   0.059   0.000  x_rotator/stages_instantiation[13].current_cordic_stage/Maddsub_Z_cy<6> (x_rotator/stages_instantiation[13].current_cordic_stage/Maddsub_Z_cy<6>)
     MUXCY:CI->O           1   0.059   0.000  x_rotator/stages_instantiation[13].current_cordic_stage/Maddsub_Z_cy<7> (x_rotator/stages_instantiation[13].current_cordic_stage/Maddsub_Z_cy<7>)
     MUXCY:CI->O           1   0.059   0.000  x_rotator/stages_instantiation[13].current_cordic_stage/Maddsub_Z_cy<8> (x_rotator/stages_instantiation[13].current_cordic_stage/Maddsub_Z_cy<8>)
     MUXCY:CI->O           1   0.059   0.000  x_rotator/stages_instantiation[13].current_cordic_stage/Maddsub_Z_cy<9> (x_rotator/stages_instantiation[13].current_cordic_stage/Maddsub_Z_cy<9>)
     MUXCY:CI->O           1   0.059   0.000  x_rotator/stages_instantiation[13].current_cordic_stage/Maddsub_Z_cy<10> (x_rotator/stages_instantiation[13].current_cordic_stage/Maddsub_Z_cy<10>)
     MUXCY:CI->O           1   0.059   0.000  x_rotator/stages_instantiation[13].current_cordic_stage/Maddsub_Z_cy<11> (x_rotator/stages_instantiation[13].current_cordic_stage/Maddsub_Z_cy<11>)
     MUXCY:CI->O           1   0.059   0.000  x_rotator/stages_instantiation[13].current_cordic_stage/Maddsub_Z_cy<12> (x_rotator/stages_instantiation[13].current_cordic_stage/Maddsub_Z_cy<12>)
     MUXCY:CI->O           1   0.059   0.000  x_rotator/stages_instantiation[13].current_cordic_stage/Maddsub_Z_cy<13> (x_rotator/stages_instantiation[13].current_cordic_stage/Maddsub_Z_cy<13>)
     MUXCY:CI->O           1   0.059   0.000  x_rotator/stages_instantiation[13].current_cordic_stage/Maddsub_Z_cy<14> (x_rotator/stages_instantiation[13].current_cordic_stage/Maddsub_Z_cy<14>)
     MUXCY:CI->O           1   0.059   0.000  x_rotator/stages_instantiation[13].current_cordic_stage/Maddsub_Z_cy<15> (x_rotator/stages_instantiation[13].current_cordic_stage/Maddsub_Z_cy<15>)
     MUXCY:CI->O           1   0.059   0.000  x_rotator/stages_instantiation[13].current_cordic_stage/Maddsub_Z_cy<16> (x_rotator/stages_instantiation[13].current_cordic_stage/Maddsub_Z_cy<16>)
     MUXCY:CI->O           1   0.059   0.000  x_rotator/stages_instantiation[13].current_cordic_stage/Maddsub_Z_cy<17> (x_rotator/stages_instantiation[13].current_cordic_stage/Maddsub_Z_cy<17>)
     MUXCY:CI->O           1   0.059   0.000  x_rotator/stages_instantiation[13].current_cordic_stage/Maddsub_Z_cy<18> (x_rotator/stages_instantiation[13].current_cordic_stage/Maddsub_Z_cy<18>)
     MUXCY:CI->O           1   0.059   0.000  x_rotator/stages_instantiation[13].current_cordic_stage/Maddsub_Z_cy<19> (x_rotator/stages_instantiation[13].current_cordic_stage/Maddsub_Z_cy<19>)
     MUXCY:CI->O           0   0.059   0.000  x_rotator/stages_instantiation[13].current_cordic_stage/Maddsub_Z_cy<20> (x_rotator/stages_instantiation[13].current_cordic_stage/Maddsub_Z_cy<20>)
     XORCY:CI->O          43   0.804   1.345  x_rotator/stages_instantiation[13].current_cordic_stage/Maddsub_Z_xor<21> (x_rotator/sZ_array<14><21>)
     LUT2:I1->O            1   0.704   0.000  x_rotator/stages_instantiation[14].current_cordic_stage/Maddsub_Z_lut<0> (x_rotator/stages_instantiation[14].current_cordic_stage/Maddsub_Z_lut<0>)
     MUXCY:S->O            1   0.464   0.000  x_rotator/stages_instantiation[14].current_cordic_stage/Maddsub_Z_cy<0> (x_rotator/stages_instantiation[14].current_cordic_stage/Maddsub_Z_cy<0>)
     MUXCY:CI->O           1   0.059   0.000  x_rotator/stages_instantiation[14].current_cordic_stage/Maddsub_Z_cy<1> (x_rotator/stages_instantiation[14].current_cordic_stage/Maddsub_Z_cy<1>)
     MUXCY:CI->O           1   0.059   0.000  x_rotator/stages_instantiation[14].current_cordic_stage/Maddsub_Z_cy<2> (x_rotator/stages_instantiation[14].current_cordic_stage/Maddsub_Z_cy<2>)
     MUXCY:CI->O           1   0.059   0.000  x_rotator/stages_instantiation[14].current_cordic_stage/Maddsub_Z_cy<3> (x_rotator/stages_instantiation[14].current_cordic_stage/Maddsub_Z_cy<3>)
     MUXCY:CI->O           1   0.059   0.000  x_rotator/stages_instantiation[14].current_cordic_stage/Maddsub_Z_cy<4> (x_rotator/stages_instantiation[14].current_cordic_stage/Maddsub_Z_cy<4>)
     MUXCY:CI->O           1   0.059   0.000  x_rotator/stages_instantiation[14].current_cordic_stage/Maddsub_Z_cy<5> (x_rotator/stages_instantiation[14].current_cordic_stage/Maddsub_Z_cy<5>)
     MUXCY:CI->O           1   0.059   0.000  x_rotator/stages_instantiation[14].current_cordic_stage/Maddsub_Z_cy<6> (x_rotator/stages_instantiation[14].current_cordic_stage/Maddsub_Z_cy<6>)
     MUXCY:CI->O           1   0.059   0.000  x_rotator/stages_instantiation[14].current_cordic_stage/Maddsub_Z_cy<7> (x_rotator/stages_instantiation[14].current_cordic_stage/Maddsub_Z_cy<7>)
     MUXCY:CI->O           1   0.059   0.000  x_rotator/stages_instantiation[14].current_cordic_stage/Maddsub_Z_cy<8> (x_rotator/stages_instantiation[14].current_cordic_stage/Maddsub_Z_cy<8>)
     MUXCY:CI->O           1   0.059   0.000  x_rotator/stages_instantiation[14].current_cordic_stage/Maddsub_Z_cy<9> (x_rotator/stages_instantiation[14].current_cordic_stage/Maddsub_Z_cy<9>)
     MUXCY:CI->O           1   0.059   0.000  x_rotator/stages_instantiation[14].current_cordic_stage/Maddsub_Z_cy<10> (x_rotator/stages_instantiation[14].current_cordic_stage/Maddsub_Z_cy<10>)
     MUXCY:CI->O           1   0.059   0.000  x_rotator/stages_instantiation[14].current_cordic_stage/Maddsub_Z_cy<11> (x_rotator/stages_instantiation[14].current_cordic_stage/Maddsub_Z_cy<11>)
     MUXCY:CI->O           1   0.059   0.000  x_rotator/stages_instantiation[14].current_cordic_stage/Maddsub_Z_cy<12> (x_rotator/stages_instantiation[14].current_cordic_stage/Maddsub_Z_cy<12>)
     MUXCY:CI->O           1   0.059   0.000  x_rotator/stages_instantiation[14].current_cordic_stage/Maddsub_Z_cy<13> (x_rotator/stages_instantiation[14].current_cordic_stage/Maddsub_Z_cy<13>)
     MUXCY:CI->O           1   0.059   0.000  x_rotator/stages_instantiation[14].current_cordic_stage/Maddsub_Z_cy<14> (x_rotator/stages_instantiation[14].current_cordic_stage/Maddsub_Z_cy<14>)
     MUXCY:CI->O           1   0.059   0.000  x_rotator/stages_instantiation[14].current_cordic_stage/Maddsub_Z_cy<15> (x_rotator/stages_instantiation[14].current_cordic_stage/Maddsub_Z_cy<15>)
     MUXCY:CI->O           1   0.059   0.000  x_rotator/stages_instantiation[14].current_cordic_stage/Maddsub_Z_cy<16> (x_rotator/stages_instantiation[14].current_cordic_stage/Maddsub_Z_cy<16>)
     MUXCY:CI->O           1   0.059   0.000  x_rotator/stages_instantiation[14].current_cordic_stage/Maddsub_Z_cy<17> (x_rotator/stages_instantiation[14].current_cordic_stage/Maddsub_Z_cy<17>)
     MUXCY:CI->O           1   0.059   0.000  x_rotator/stages_instantiation[14].current_cordic_stage/Maddsub_Z_cy<18> (x_rotator/stages_instantiation[14].current_cordic_stage/Maddsub_Z_cy<18>)
     MUXCY:CI->O           1   0.059   0.000  x_rotator/stages_instantiation[14].current_cordic_stage/Maddsub_Z_cy<19> (x_rotator/stages_instantiation[14].current_cordic_stage/Maddsub_Z_cy<19>)
     MUXCY:CI->O           0   0.059   0.000  x_rotator/stages_instantiation[14].current_cordic_stage/Maddsub_Z_cy<20> (x_rotator/stages_instantiation[14].current_cordic_stage/Maddsub_Z_cy<20>)
     XORCY:CI->O          22   0.804   1.199  x_rotator/stages_instantiation[14].current_cordic_stage/Maddsub_Z_xor<21> (x_rotator/sZ_array<15><21>)
     LUT3:I2->O            1   0.704   0.000  x_rotator/stages_instantiation[15].current_cordic_stage/Maddsub_Y_lut<0> (x_rotator/stages_instantiation[15].current_cordic_stage/Maddsub_Y_lut<0>)
     MUXCY:S->O            1   0.464   0.000  x_rotator/stages_instantiation[15].current_cordic_stage/Maddsub_Y_cy<0> (x_rotator/stages_instantiation[15].current_cordic_stage/Maddsub_Y_cy<0>)
     MUXCY:CI->O           1   0.059   0.000  x_rotator/stages_instantiation[15].current_cordic_stage/Maddsub_Y_cy<1> (x_rotator/stages_instantiation[15].current_cordic_stage/Maddsub_Y_cy<1>)
     MUXCY:CI->O           1   0.059   0.000  x_rotator/stages_instantiation[15].current_cordic_stage/Maddsub_Y_cy<2> (x_rotator/stages_instantiation[15].current_cordic_stage/Maddsub_Y_cy<2>)
     MUXCY:CI->O           1   0.059   0.000  x_rotator/stages_instantiation[15].current_cordic_stage/Maddsub_Y_cy<3> (x_rotator/stages_instantiation[15].current_cordic_stage/Maddsub_Y_cy<3>)
     MUXCY:CI->O           1   0.059   0.000  x_rotator/stages_instantiation[15].current_cordic_stage/Maddsub_Y_cy<4> (x_rotator/stages_instantiation[15].current_cordic_stage/Maddsub_Y_cy<4>)
     MUXCY:CI->O           1   0.059   0.000  x_rotator/stages_instantiation[15].current_cordic_stage/Maddsub_Y_cy<5> (x_rotator/stages_instantiation[15].current_cordic_stage/Maddsub_Y_cy<5>)
     MUXCY:CI->O           1   0.059   0.000  x_rotator/stages_instantiation[15].current_cordic_stage/Maddsub_Y_cy<6> (x_rotator/stages_instantiation[15].current_cordic_stage/Maddsub_Y_cy<6>)
     MUXCY:CI->O           1   0.059   0.000  x_rotator/stages_instantiation[15].current_cordic_stage/Maddsub_Y_cy<7> (x_rotator/stages_instantiation[15].current_cordic_stage/Maddsub_Y_cy<7>)
     MUXCY:CI->O           0   0.059   0.000  x_rotator/stages_instantiation[15].current_cordic_stage/Maddsub_Y_cy<8> (x_rotator/stages_instantiation[15].current_cordic_stage/Maddsub_Y_cy<8>)
     XORCY:CI->O           9   0.804   0.820  x_rotator/stages_instantiation[15].current_cordic_stage/Maddsub_Y_xor<9> (x_rotator/sY_array<16><9>)
     MULT18X18SIO:A9->P9    2   4.525   0.622  x_rotator/Mmult_sY_multiplication_buffer (x_rotator/sY_multiplication_buffer<9>)
     LUT1:I0->O            1   0.704   0.000  x_rotator/Madd_X_share0000_cy<0>_rt (x_rotator/Madd_X_share0000_cy<0>_rt)
     MUXCY:S->O            1   0.464   0.000  x_rotator/Madd_X_share0000_cy<0> (x_rotator/Madd_X_share0000_cy<0>)
     MUXCY:CI->O           1   0.059   0.000  x_rotator/Madd_X_share0000_cy<1> (x_rotator/Madd_X_share0000_cy<1>)
     MUXCY:CI->O           1   0.059   0.000  x_rotator/Madd_X_share0000_cy<2> (x_rotator/Madd_X_share0000_cy<2>)
     MUXCY:CI->O           1   0.059   0.000  x_rotator/Madd_X_share0000_cy<3> (x_rotator/Madd_X_share0000_cy<3>)
     MUXCY:CI->O           1   0.059   0.000  x_rotator/Madd_X_share0000_cy<4> (x_rotator/Madd_X_share0000_cy<4>)
     MUXCY:CI->O           1   0.059   0.000  x_rotator/Madd_X_share0000_cy<5> (x_rotator/Madd_X_share0000_cy<5>)
     MUXCY:CI->O           1   0.059   0.000  x_rotator/Madd_X_share0000_cy<6> (x_rotator/Madd_X_share0000_cy<6>)
     MUXCY:CI->O           1   0.059   0.000  x_rotator/Madd_X_share0000_cy<7> (x_rotator/Madd_X_share0000_cy<7>)
     MUXCY:CI->O           0   0.059   0.000  x_rotator/Madd_X_share0000_cy<8> (x_rotator/Madd_X_share0000_cy<8>)
     XORCY:CI->O           1   0.804   0.455  x_rotator/Madd_X_share0000_xor<9> (x_rotator/X_share0000<9>)
     LUT3:I2->O            1   0.704   0.000  x_rotator/X<9>1 (X_rotator_X<9>)
     FD:D                      0.308          Z_rotator_Y0_9
    ----------------------------------------
    Total                     83.913ns (57.980ns logic, 25.933ns route)
                                       (69.1% logic, 30.9% route)

=========================================================================
Timing constraint: Default OFFSET IN BEFORE for Clock 'clk'
  Total number of paths / destination ports: 63 / 63
-------------------------------------------------------------------------
Offset:              2.057ns (Levels of Logic = 1)
  Source:            angle_Z<3> (PAD)
  Destination:       Z_angle_3 (FF)
  Destination Clock: clk rising

  Data Path: angle_Z<3> to Z_angle_3
                                Gate     Net
    Cell:in->out      fanout   Delay   Delay  Logical Name (Net Name)
    ----------------------------------------  ------------
     IBUF:I->O             3   1.218   0.531  angle_Z_3_IBUF (angle_Z_3_IBUF)
     FD:D                      0.308          Z_angle_3
    ----------------------------------------
    Total                      2.057ns (1.526ns logic, 0.531ns route)
                                       (74.2% logic, 25.8% route)

=========================================================================
Timing constraint: Default OFFSET OUT AFTER for Clock 'clk'
  Total number of paths / destination ports: 30 / 30
-------------------------------------------------------------------------
Offset:              4.283ns (Levels of Logic = 1)
  Source:            X_9 (FF)
  Destination:       X<9> (PAD)
  Source Clock:      clk rising

  Data Path: X_9 to X<9>
                                Gate     Net
    Cell:in->out      fanout   Delay   Delay  Logical Name (Net Name)
    ----------------------------------------  ------------
     FD:C->Q               1   0.591   0.420  X_9 (X_9)
     OBUF:I->O                 3.272          X_9_OBUF (X<9>)
    ----------------------------------------
    Total                      4.283ns (3.863ns logic, 0.420ns route)
                                       (90.2% logic, 9.8% route)

=========================================================================


Total REAL time to Xst completion: 14.00 secs
Total CPU time to Xst completion: 12.74 secs
 
--> 


Total memory usage is 548716 kilobytes

Number of errors   :    0 (   0 filtered)
Number of warnings :    6 (   0 filtered)
Number of infos    :   10 (   0 filtered)

