AR video_driver behavioral /home/ignatius/Documents/repos/cordic_vhdl/clean/src/video_driver.vhd sub00/vhpl22 1613001656
PH uart_comps NULL /home/ignatius/Documents/repos/cordic_vhdl/clean/src/UART/uart_comps.vhd sub00/vhpl17 1613001640
EN vga_ctrl NULL /home/ignatius/Documents/repos/cordic_vhdl/clean/src/VGA/VGActrl.vhd sub00/vhpl12 1613001647
AR rotator behavioral /home/ignatius/Documents/repos/cordic_vhdl/clean/src/Cordic/rotator.vhdl sub00/vhpl28 1613001662
EN dpram NULL /home/ignatius/Documents/repos/cordic_vhdl/clean/src/vram.vhd sub00/vhpl19 1613001653
EN sram NULL /home/ignatius/Documents/repos/cordic_vhdl/clean/trabajo_final/ipcore_dir/sram.vhd sub00/vhpl14 1613001649
EN button_matrix NULL /home/ignatius/Documents/repos/cordic_vhdl/clean/src/button_matrix.vhd sub00/vhpl31 1613001634
AR dpram rtl /home/ignatius/Documents/repos/cordic_vhdl/clean/src/vram.vhd sub00/vhpl20 1613001654
AR receive arch /home/ignatius/Documents/repos/cordic_vhdl/clean/src/UART/receive.vhd sub00/vhpl07 1613001642
AR vga_ctrl vga_ctrl_arq /home/ignatius/Documents/repos/cordic_vhdl/clean/src/VGA/VGActrl.vhd sub00/vhpl13 1613001648
AR timing timing /home/ignatius/Documents/repos/cordic_vhdl/clean/src/UART/timing.vhd sub00/vhpl11 1613001646
AR sram sram_a /home/ignatius/Documents/repos/cordic_vhdl/clean/trabajo_final/ipcore_dir/sram.vhd sub00/vhpl15 1613001650
AR button_matrix behavioral /home/ignatius/Documents/repos/cordic_vhdl/clean/src/button_matrix.vhd sub00/vhpl32 1613001635
EN debounce NULL /home/ignatius/Documents/repos/cordic_vhdl/clean/src/debounce.vhd sub00/vhpl25 1613001636
EN cordic NULL /home/ignatius/Documents/repos/cordic_vhdl/clean/src/Cordic/cordic.vhdl sub00/vhpl02 1613001632
AR transmit arch /home/ignatius/Documents/repos/cordic_vhdl/clean/src/UART/transmit.vhd sub00/vhpl09 1613001644
EN rotator NULL /home/ignatius/Documents/repos/cordic_vhdl/clean/src/Cordic/rotator.vhdl sub00/vhpl27 1613001661
EN binary_bcd NULL /home/ignatius/Documents/repos/cordic_vhdl/clean/src/bcd_converter.vhd sub00/vhpl04 1613001638
AR cordic behavioral /home/ignatius/Documents/repos/cordic_vhdl/clean/src/Cordic/cordic.vhdl sub00/vhpl03 1613001633
AR led8 behavioral /home/ignatius/Documents/repos/cordic_vhdl/clean/src/seven_seg_display.vhd sub00/vhpl24 1613001658
EN input_processor NULL /home/ignatius/Documents/repos/cordic_vhdl/clean/src/input_processor.vhd sub00/vhpl33 1613001659
AR binary_bcd behaviour /home/ignatius/Documents/repos/cordic_vhdl/clean/src/bcd_converter.vhd sub00/vhpl05 1613001639
EN receive NULL /home/ignatius/Documents/repos/cordic_vhdl/clean/src/UART/receive.vhd sub00/vhpl06 1613001641
AR uart arch /home/ignatius/Documents/repos/cordic_vhdl/clean/src/UART/uart.vhd sub00/vhpl18 1613001652
EN timing NULL /home/ignatius/Documents/repos/cordic_vhdl/clean/src/UART/timing.vhd sub00/vhpl10 1613001645
AR input_processor behavioral /home/ignatius/Documents/repos/cordic_vhdl/clean/src/input_processor.vhd sub00/vhpl34 1613001660
EN cordic_stage NULL /home/ignatius/Documents/repos/cordic_vhdl/clean/src/Cordic/cordic_stage.vhdl sub00/vhpl00 1613001630
EN uart NULL /home/ignatius/Documents/repos/cordic_vhdl/clean/src/UART/uart.vhd sub00/vhpl16 1613001651
AR top_level top_level_arq /home/ignatius/Documents/repos/cordic_vhdl/clean/src/top.vhd sub00/vhpl30 1613001664
EN led8 NULL /home/ignatius/Documents/repos/cordic_vhdl/clean/src/seven_seg_display.vhd sub00/vhpl23 1613001657
EN video_driver NULL /home/ignatius/Documents/repos/cordic_vhdl/clean/src/video_driver.vhd sub00/vhpl21 1613001655
EN transmit NULL /home/ignatius/Documents/repos/cordic_vhdl/clean/src/UART/transmit.vhd sub00/vhpl08 1613001643
EN top_level NULL /home/ignatius/Documents/repos/cordic_vhdl/clean/src/top.vhd sub00/vhpl29 1613001663
AR cordic_stage behavioral /home/ignatius/Documents/repos/cordic_vhdl/clean/src/Cordic/cordic_stage.vhdl sub00/vhpl01 1613001631
AR debounce exp_fsmd_arch /home/ignatius/Documents/repos/cordic_vhdl/clean/src/debounce.vhd sub00/vhpl26 1613001637
