AR video_driver behavioral /home/ignatius/Documents/repos/cordic_vhdl/clean/src/video_driver.vhd sub00/vhpl22 1601752172
PH uart_comps NULL /home/ignatius/Documents/repos/cordic_vhdl/clean/src/UART/uart_comps.vhd sub00/vhpl17 1601752156
EN vga_ctrl NULL /home/ignatius/Documents/repos/cordic_vhdl/clean/src/VGA/VGActrl.vhd sub00/vhpl12 1601752163
AR rotator behavioral /home/ignatius/Documents/repos/cordic_vhdl/clean/src/Cordic/rotator.vhdl sub00/vhpl28 1601752180
EN dpram NULL /home/ignatius/Documents/repos/cordic_vhdl/clean/src/vram.vhd sub00/vhpl19 1601752169
EN sram NULL /home/ignatius/Documents/repos/cordic_vhdl/clean/trabajo_final/ipcore_dir/sram.vhd sub00/vhpl14 1601752165
EN button_matrix NULL /home/ignatius/Documents/repos/cordic_vhdl/clean/src/button_matrix.vhd sub00/vhpl31 1601752177
AR dpram rtl /home/ignatius/Documents/repos/cordic_vhdl/clean/src/vram.vhd sub00/vhpl20 1601752170
AR receive arch /home/ignatius/Documents/repos/cordic_vhdl/clean/src/UART/receive.vhd sub00/vhpl07 1601752158
AR vga_ctrl vga_ctrl_arq /home/ignatius/Documents/repos/cordic_vhdl/clean/src/VGA/VGActrl.vhd sub00/vhpl13 1601752164
AR timing timing /home/ignatius/Documents/repos/cordic_vhdl/clean/src/UART/timing.vhd sub00/vhpl11 1601752162
AR sram sram_a /home/ignatius/Documents/repos/cordic_vhdl/clean/trabajo_final/ipcore_dir/sram.vhd sub00/vhpl15 1601752166
AR button_matrix behavioral /home/ignatius/Documents/repos/cordic_vhdl/clean/src/button_matrix.vhd sub00/vhpl32 1601752178
EN debounce NULL /home/ignatius/Documents/repos/cordic_vhdl/clean/src/debounce.vhd sub00/vhpl25 1601752175
EN cordic NULL /home/ignatius/Documents/repos/cordic_vhdl/clean/src/Cordic/cordic.vhdl sub00/vhpl02 1601752152
AR transmit arch /home/ignatius/Documents/repos/cordic_vhdl/clean/src/UART/transmit.vhd sub00/vhpl09 1601752160
EN rotator NULL /home/ignatius/Documents/repos/cordic_vhdl/clean/src/Cordic/rotator.vhdl sub00/vhpl27 1601752179
EN binary_bcd NULL /home/ignatius/Documents/repos/cordic_vhdl/clean/src/bcd_converter.vhd sub00/vhpl04 1601752154
AR cordic behavioral /home/ignatius/Documents/repos/cordic_vhdl/clean/src/Cordic/cordic.vhdl sub00/vhpl03 1601752153
AR led8 behavioral /home/ignatius/Documents/repos/cordic_vhdl/clean/src/seven_seg_display.vhd sub00/vhpl24 1601752174
AR binary_bcd behaviour /home/ignatius/Documents/repos/cordic_vhdl/clean/src/bcd_converter.vhd sub00/vhpl05 1601752155
EN receive NULL /home/ignatius/Documents/repos/cordic_vhdl/clean/src/UART/receive.vhd sub00/vhpl06 1601752157
AR uart arch /home/ignatius/Documents/repos/cordic_vhdl/clean/src/UART/uart.vhd sub00/vhpl18 1601752168
EN timing NULL /home/ignatius/Documents/repos/cordic_vhdl/clean/src/UART/timing.vhd sub00/vhpl10 1601752161
EN cordic_stage NULL /home/ignatius/Documents/repos/cordic_vhdl/clean/src/Cordic/cordic_stage.vhdl sub00/vhpl00 1601752150
EN uart NULL /home/ignatius/Documents/repos/cordic_vhdl/clean/src/UART/uart.vhd sub00/vhpl16 1601752167
AR top_level top_level_arq /home/ignatius/Documents/repos/cordic_vhdl/clean/src/top.vhd sub00/vhpl30 1601752182
EN led8 NULL /home/ignatius/Documents/repos/cordic_vhdl/clean/src/seven_seg_display.vhd sub00/vhpl23 1601752173
EN video_driver NULL /home/ignatius/Documents/repos/cordic_vhdl/clean/src/video_driver.vhd sub00/vhpl21 1601752171
EN transmit NULL /home/ignatius/Documents/repos/cordic_vhdl/clean/src/UART/transmit.vhd sub00/vhpl08 1601752159
EN top_level NULL /home/ignatius/Documents/repos/cordic_vhdl/clean/src/top.vhd sub00/vhpl29 1601752181
AR cordic_stage behavioral /home/ignatius/Documents/repos/cordic_vhdl/clean/src/Cordic/cordic_stage.vhdl sub00/vhpl01 1601752151
AR debounce exp_fsmd_arch /home/ignatius/Documents/repos/cordic_vhdl/clean/src/debounce.vhd sub00/vhpl26 1601752176
