AR video_driver behavioral /home/ignatius/Documents/repos/cordic_vhdl/clean/src/video_driver.vhd sub00/vhpl22 1601429898
PH uart_comps NULL /home/ignatius/Documents/repos/cordic_vhdl/clean/src/UART/uart_comps.vhd sub00/vhpl17 1601429882
EN vga_ctrl NULL /home/ignatius/Documents/repos/cordic_vhdl/clean/src/VGA/VGActrl.vhd sub00/vhpl12 1601429889
AR rotator behavioral /home/ignatius/Documents/repos/cordic_vhdl/clean/src/Cordic/rotator.vhdl sub00/vhpl28 1601429904
EN dpram NULL /home/ignatius/Documents/repos/cordic_vhdl/clean/src/vram.vhd sub00/vhpl19 1601429895
EN sram NULL /home/ignatius/Documents/repos/cordic_vhdl/clean/trabajo_final/ipcore_dir/sram.vhd sub00/vhpl14 1601429891
AR dpram rtl /home/ignatius/Documents/repos/cordic_vhdl/clean/src/vram.vhd sub00/vhpl20 1601429896
AR receive arch /home/ignatius/Documents/repos/cordic_vhdl/clean/src/UART/receive.vhd sub00/vhpl07 1601429884
AR vga_ctrl vga_ctrl_arq /home/ignatius/Documents/repos/cordic_vhdl/clean/src/VGA/VGActrl.vhd sub00/vhpl13 1601429890
AR timing timing /home/ignatius/Documents/repos/cordic_vhdl/clean/src/UART/timing.vhd sub00/vhpl11 1601429888
AR sram sram_a /home/ignatius/Documents/repos/cordic_vhdl/clean/trabajo_final/ipcore_dir/sram.vhd sub00/vhpl15 1601429892
EN debounce NULL /home/ignatius/Documents/repos/cordic_vhdl/clean/src/debounce.vhd sub00/vhpl25 1601429901
EN cordic NULL /home/ignatius/Documents/repos/cordic_vhdl/clean/src/Cordic/cordic.vhdl sub00/vhpl02 1601429878
AR transmit arch /home/ignatius/Documents/repos/cordic_vhdl/clean/src/UART/transmit.vhd sub00/vhpl09 1601429886
EN rotator NULL /home/ignatius/Documents/repos/cordic_vhdl/clean/src/Cordic/rotator.vhdl sub00/vhpl27 1601429903
EN binary_bcd NULL /home/ignatius/Documents/repos/cordic_vhdl/clean/src/bcd_converter.vhd sub00/vhpl04 1601429880
AR cordic behavioral /home/ignatius/Documents/repos/cordic_vhdl/clean/src/Cordic/cordic.vhdl sub00/vhpl03 1601429879
AR led8 behavioral /home/ignatius/Documents/repos/cordic_vhdl/clean/src/seven_seg_display.vhd sub00/vhpl24 1601429900
AR binary_bcd behaviour /home/ignatius/Documents/repos/cordic_vhdl/clean/src/bcd_converter.vhd sub00/vhpl05 1601429881
EN receive NULL /home/ignatius/Documents/repos/cordic_vhdl/clean/src/UART/receive.vhd sub00/vhpl06 1601429883
AR uart arch /home/ignatius/Documents/repos/cordic_vhdl/clean/src/UART/uart.vhd sub00/vhpl18 1601429894
EN timing NULL /home/ignatius/Documents/repos/cordic_vhdl/clean/src/UART/timing.vhd sub00/vhpl10 1601429887
EN cordic_stage NULL /home/ignatius/Documents/repos/cordic_vhdl/clean/src/Cordic/cordic_stage.vhdl sub00/vhpl00 1601429876
EN uart NULL /home/ignatius/Documents/repos/cordic_vhdl/clean/src/UART/uart.vhd sub00/vhpl16 1601429893
AR top_level top_level_arq /home/ignatius/Documents/repos/cordic_vhdl/clean/src/top.vhd sub00/vhpl30 1601429906
EN led8 NULL /home/ignatius/Documents/repos/cordic_vhdl/clean/src/seven_seg_display.vhd sub00/vhpl23 1601429899
EN video_driver NULL /home/ignatius/Documents/repos/cordic_vhdl/clean/src/video_driver.vhd sub00/vhpl21 1601429897
EN transmit NULL /home/ignatius/Documents/repos/cordic_vhdl/clean/src/UART/transmit.vhd sub00/vhpl08 1601429885
EN top_level NULL /home/ignatius/Documents/repos/cordic_vhdl/clean/src/top.vhd sub00/vhpl29 1601429905
AR cordic_stage behavioral /home/ignatius/Documents/repos/cordic_vhdl/clean/src/Cordic/cordic_stage.vhdl sub00/vhpl01 1601429877
AR debounce exp_fsmd_arch /home/ignatius/Documents/repos/cordic_vhdl/clean/src/debounce.vhd sub00/vhpl26 1601429902
